../Core/Src/rfm95.c:15:13:rfm95_select	8	static
../Core/Src/rfm95.c:19:13:rfm95_unselect	8	static
../Core/Src/rfm95.c:23:9:rfm95_read_reg	24	static
../Core/Src/rfm95.c:35:6:rfm95_write_reg	24	static
../Core/Src/rfm95.c:46:13:rfm95_dio0_callback	4	static
../Core/Src/rfm95.c:47:13:rfm95_dio1_callback	4	static
../Core/Src/rfm95.c:48:13:rfm95_dio2_callback	4	static
../Core/Src/rfm95.c:49:13:rfm95_dio3_callback	4	static
../Core/Src/rfm95.c:52:6:HAL_GPIO_EXTI_Callback	16	static
../Core/Src/rfm95.c:71:6:rfm95_init	40	static
../Core/Src/rfm95.c:130:6:rfm95_send	56	static
../Core/Src/rfm95.c:160:6:rfm95_receive	40	static
../Core/Src/rfm95.c:205:6:rfm95_sleep	8	static
../Core/Src/rfm95.c:209:6:rfm95_standby	8	static
../Core/Src/rfm95.c:213:9:rfm95_get_rssi	8	static
../Core/Src/rfm95.c:217:7:rfm95_get_snr	8	static
../Core/Src/rfm95.c:221:6:rfm95_clear_flags	8	static
