Archive member included to satisfy reference by file (symbol)

/Applications/STM32CubeIDE.app/Contents/Eclipse/plugins/com.st.stm32cube.ide.mcu.externaltools.gnu-tools-for-stm32.12.3.rel1.macos64_1.1.0.202410301201/tools/bin/../lib/gcc/arm-none-eabi/12.3.1/../../../../arm-none-eabi/lib/thumb/v7-m/nofp/libc_nano.a(libc_a-atof.o)
                              ./Core/Src/sam_m8q.o (atof)
/Applications/STM32CubeIDE.app/Contents/Eclipse/plugins/com.st.stm32cube.ide.mcu.externaltools.gnu-tools-for-stm32.12.3.rel1.macos64_1.1.0.202410301201/tools/bin/../lib/gcc/arm-none-eabi/12.3.1/../../../../arm-none-eabi/lib/thumb/v7-m/nofp/libc_nano.a(libc_a-atoi.o)
                              ./Core/Src/shell.o (atoi)
/Applications/STM32CubeIDE.app/Contents/Eclipse/plugins/com.st.stm32cube.ide.mcu.externaltools.gnu-tools-for-stm32.12.3.rel1.macos64_1.1.0.202410301201/tools/bin/../lib/gcc/arm-none-eabi/12.3.1/../../../../arm-none-eabi/lib/thumb/v7-m/nofp/libc_nano.a(libc_a-exit.o)
                              /Applications/STM32CubeIDE.app/Contents/Eclipse/plugins/com.st.stm32cube.ide.mcu.externaltools.gnu-tools-for-stm32.12.3.rel1.macos64_1.1.0.202410301201/tools/bin/../lib/gcc/arm-none-eabi/12.3.1/../../../../arm-none-eabi/lib/thumb/v7-m/nofp/crt0.o (exit)
/Applications/STM32CubeIDE.app/Contents/Eclipse/plugins/com.st.stm32cube.ide.mcu.externaltools.gnu-tools-for-stm32.12.3.rel1.macos64_1.1.0.202410301201/tools/bin/../lib/gcc/arm-none-eabi/12.3.1/../../../../arm-none-eabi/lib/thumb/v7-m/nofp/libc_nano.a(libc_a-snprintf.o)
                              ./Core/Src/shell.o (snprintf)
/Applications/STM32CubeIDE.app/Contents/Eclipse/plugins/com.st.stm32cube.ide.mcu.externaltools.gnu-tools-for-stm32.12.3.rel1.macos64_1.1.0.202410301201/tools/bin/../lib/gcc/arm-none-eabi/12.3.1/../../../../arm-none-eabi/lib/thumb/v7-m/nofp/libc_nano.a(libc_a-sprintf.o)
                              ./Core/Src/commands/ush_cmd_help.o (sprintf)
/Applications/STM32CubeIDE.app/Contents/Eclipse/plugins/com.st.stm32cube.ide.mcu.externaltools.gnu-tools-for-stm32.12.3.rel1.macos64_1.1.0.202410301201/tools/bin/../lib/gcc/arm-none-eabi/12.3.1/../../../../arm-none-eabi/lib/thumb/v7-m/nofp/libc_nano.a(libc_a-findfp.o)
                              /Applications/STM32CubeIDE.app/Contents/Eclipse/plugins/com.st.stm32cube.ide.mcu.externaltools.gnu-tools-for-stm32.12.3.rel1.macos64_1.1.0.202410301201/tools/bin/../lib/gcc/arm-none-eabi/12.3.1/../../../../arm-none-eabi/lib/thumb/v7-m/nofp/libc_nano.a(libc_a-exit.o) (__stdio_exit_handler)
/Applications/STM32CubeIDE.app/Contents/Eclipse/plugins/com.st.stm32cube.ide.mcu.externaltools.gnu-tools-for-stm32.12.3.rel1.macos64_1.1.0.202410301201/tools/bin/../lib/gcc/arm-none-eabi/12.3.1/../../../../arm-none-eabi/lib/thumb/v7-m/nofp/libc_nano.a(libc_a-strtod.o)
                              /Applications/STM32CubeIDE.app/Contents/Eclipse/plugins/com.st.stm32cube.ide.mcu.externaltools.gnu-tools-for-stm32.12.3.rel1.macos64_1.1.0.202410301201/tools/bin/../lib/gcc/arm-none-eabi/12.3.1/../../../../arm-none-eabi/lib/thumb/v7-m/nofp/libc_nano.a(libc_a-atof.o) (strtod)
/Applications/STM32CubeIDE.app/Contents/Eclipse/plugins/com.st.stm32cube.ide.mcu.externaltools.gnu-tools-for-stm32.12.3.rel1.macos64_1.1.0.202410301201/tools/bin/../lib/gcc/arm-none-eabi/12.3.1/../../../../arm-none-eabi/lib/thumb/v7-m/nofp/libc_nano.a(libc_a-strtol.o)
                              /Applications/STM32CubeIDE.app/Contents/Eclipse/plugins/com.st.stm32cube.ide.mcu.externaltools.gnu-tools-for-stm32.12.3.rel1.macos64_1.1.0.202410301201/tools/bin/../lib/gcc/arm-none-eabi/12.3.1/../../../../arm-none-eabi/lib/thumb/v7-m/nofp/libc_nano.a(libc_a-atoi.o) (_strtol_r)
/Applications/STM32CubeIDE.app/Contents/Eclipse/plugins/com.st.stm32cube.ide.mcu.externaltools.gnu-tools-for-stm32.12.3.rel1.macos64_1.1.0.202410301201/tools/bin/../lib/gcc/arm-none-eabi/12.3.1/../../../../arm-none-eabi/lib/thumb/v7-m/nofp/libc_nano.a(libc_a-fwalk.o)
                              /Applications/STM32CubeIDE.app/Contents/Eclipse/plugins/com.st.stm32cube.ide.mcu.externaltools.gnu-tools-for-stm32.12.3.rel1.macos64_1.1.0.202410301201/tools/bin/../lib/gcc/arm-none-eabi/12.3.1/../../../../arm-none-eabi/lib/thumb/v7-m/nofp/libc_nano.a(libc_a-findfp.o) (_fwalk_sglue)
/Applications/STM32CubeIDE.app/Contents/Eclipse/plugins/com.st.stm32cube.ide.mcu.externaltools.gnu-tools-for-stm32.12.3.rel1.macos64_1.1.0.202410301201/tools/bin/../lib/gcc/arm-none-eabi/12.3.1/../../../../arm-none-eabi/lib/thumb/v7-m/nofp/libc_nano.a(libc_a-vsnprintf.o)
                              ./Core/Src/ush.o (vsnprintf)
/Applications/STM32CubeIDE.app/Contents/Eclipse/plugins/com.st.stm32cube.ide.mcu.externaltools.gnu-tools-for-stm32.12.3.rel1.macos64_1.1.0.202410301201/tools/bin/../lib/gcc/arm-none-eabi/12.3.1/../../../../arm-none-eabi/lib/thumb/v7-m/nofp/libc_nano.a(libc_a-strcat.o)
                              ./Core/Src/shell.o (strcat)
[...]
Memory Configuration

Name             Origin             Length             Attributes
RAM              0x20000000         0x00005000         xrw
FLASH            0x08000000         0x00010000         xr
*default*        0x00000000         0xffffffff

Linker script and memory map

LOAD /Applications/STM32CubeIDE.app/Contents/Eclipse/plugins/com.st.stm32cube.ide.mcu.externaltools.gnu-tools-for-stm32.12.3.rel1.macos64_1.1.0.202410301201/tools/bin/../lib/gcc/arm-none-eabi/12.3.1/thumb/v7-m/nofp/crti.o
LOAD /Applications/STM32CubeIDE.app/Contents/Eclipse/plugins/com.st.stm32cube.ide.mcu.externaltools.gnu-tools-for-stm32.12.3.rel1.macos64_1.1.0.202410301201/tools/bin/../lib/gcc/arm-none-eabi/12.3.1/thumb/v7-m/nofp/crtbegin.o
LOAD /Applications/STM32CubeIDE.app/Contents/Eclipse/plugins/com.st.stm32cube.ide.mcu.externaltools.gnu-tools-for-stm32.12.3.rel1.macos64_1.1.0.202410301201/tools/bin/../lib/gcc/arm-none-eabi/12.3.1/../../../../arm-none-eabi/lib/thumb/v7-m/nofp/crt0.o
LOAD ./Core/Src/bmp280.o
LOAD ./Core/Src/main.o
LOAD ./Core/Src/rfm95.o
LOAD ./Core/Src/sam_m8q.o
LOAD ./Core/Src/servo.o
LOAD ./Core/Src/shell.o
LOAD ./Core/Src/stm32f1xx_hal_msp.o
LOAD ./Core/Src/stm32f1xx_it.o
LOAD ./Core/Src/syscalls.o
LOAD ./Core/Src/sysmem.o
LOAD ./Core/Src/system_stm32f1xx.o
LOAD ./Core/Src/ush.o
LOAD ./Core/Src/ush_autocomp.o
LOAD ./Core/Src/ush_autocomp_state.o
LOAD ./Core/Src/ush_autocomp_utils.o
LOAD ./Core/Src/ush_commands.o
LOAD ./Core/Src/ush_file.o
LOAD ./Core/Src/ush_node.o
LOAD ./Core/Src/ush_node_mount.o
LOAD ./Core/Src/ush_node_utils.o
LOAD ./Core/Src/ush_parse.o
LOAD ./Core/Src/ush_parse_char.o
LOAD ./Core/Src/ush_parse_utils.o
LOAD ./Core/Src/ush_process.o
LOAD ./Core/Src/ush_prompt.o
LOAD ./Core/Src/ush_read.o
LOAD ./Core/Src/ush_read_char.o
LOAD ./Core/Src/ush_read_utils.o
LOAD ./Core/Src/ush_reset.o
LOAD ./Core/Src/ush_utils.o
LOAD ./Core/Src/ush_write.o
LOAD ./Core/Src/ush_write_utils.o
LOAD ./Core/Src/commands/ush_cmd.o
LOAD ./Core/Src/commands/ush_cmd_baro.o
LOAD ./Core/Src/commands/ush_cmd_cat.o
LOAD ./Core/Src/commands/ush_cmd_cd.o
LOAD ./Core/Src/commands/ush_cmd_echo.o
LOAD ./Core/Src/commands/ush_cmd_gps.o
LOAD ./Core/Src/commands/ush_cmd_help.o
LOAD ./Core/Src/commands/ush_cmd_ls.o
LOAD ./Core/Src/commands/ush_cmd_pwd.o
LOAD ./Core/Src/commands/ush_cmd_rfm95.o
LOAD ./Core/Src/commands/ush_cmd_servo.o
LOAD ./Core/Src/commands/ush_cmd_xxd.o
LOAD ./Core/Startup/startup_stm32f103t8ux.o
LOAD ./Drivers/STM32F1xx_HAL_Driver/Src/stm32f1xx_hal.o
LOAD ./Drivers/STM32F1xx_HAL_Driver/Src/stm32f1xx_hal_cortex.o
LOAD ./Drivers/STM32F1xx_HAL_Driver/Src/stm32f1xx_hal_dma.o
LOAD ./Drivers/STM32F1xx_HAL_Driver/Src/stm32f1xx_hal_exti.o
LOAD ./Drivers/STM32F1xx_HAL_Driver/Src/stm32f1xx_hal_flash.o
LOAD ./Drivers/STM32F1xx_HAL_Driver/Src/stm32f1xx_hal_flash_ex.o
LOAD ./Drivers/STM32F1xx_HAL_Driver/Src/stm32f1xx_hal_gpio.o
LOAD ./Drivers/STM32F1xx_HAL_Driver/Src/stm32f1xx_hal_gpio_ex.o
LOAD ./Drivers/STM32F1xx_HAL_Driver/Src/stm32f1xx_hal_i2c.o
LOAD ./Drivers/STM32F1xx_HAL_Driver/Src/stm32f1xx_hal_pwr.o
LOAD ./Drivers/STM32F1xx_HAL_Driver/Src/stm32f1xx_hal_rcc.o
LOAD ./Drivers/STM32F1xx_HAL_Driver/Src/stm32f1xx_hal_rcc_ex.o
LOAD ./Drivers/STM32F1xx_HAL_Driver/Src/stm32f1xx_hal_spi.o
LOAD ./Drivers/STM32F1xx_HAL_Driver/Src/stm32f1xx_hal_tim.o
LOAD ./Drivers/STM32F1xx_HAL_Driver/Src/stm32f1xx_hal_tim_ex.o
LOAD ./Drivers/STM32F1xx_HAL_Driver/Src/stm32f1xx_hal_uart.o
START GROUP
LOAD /Applications/STM32CubeIDE.app/Contents/Eclipse/plugins/com.st.stm32cube.ide.mcu.externaltools.gnu-tools-for-stm32.12.3.rel1.macos64_1.1.0.202410301201/tools/bin/../lib/gcc/arm-none-eabi/12.3.1/../../../../arm-none-eabi/lib/thumb/v7-m/nofp/libc_nano.a
LOAD /Applications/STM32CubeIDE.app/Contents/Eclipse/plugins/com.st.stm32cube.ide.mcu.externaltools.gnu-tools-for-stm32.12.3.rel1.macos64_1.1.0.202410301201/tools/bin/../lib/gcc/arm-none-eabi/12.3.1/../../../../arm-none-eabi/lib/thumb/v7-m/nofp/libm.a
END GROUP
START GROUP
LOAD /Applications/STM32CubeIDE.app/Contents/Eclipse/plugins/com.st.stm32cube.ide.mcu.externaltools.gnu-tools-for-stm32.12.3.rel1.macos64_1.1.0.202410301201/tools/bin/../lib/gcc/arm-none-eabi/12.3.1/thumb/v7-m/nofp/libgcc.a
LOAD /Applications/STM32CubeIDE.app/Contents/Eclipse/plugins/com.st.stm32cube.ide.mcu.externaltools.gnu-tools-for-stm32.12.3.rel1.macos64_1.1.0.202410301201/tools/bin/../lib/gcc/arm-none-eabi/12.3.1/../../../../arm-none-eabi/lib/thumb/v7-m/nofp/libc_nano.a
END GROUP
START GROUP
LOAD /Applications/STM32CubeIDE.app/Contents/Eclipse/plugins/com.st.stm32cube.ide.mcu.externaltools.gnu-tools-for-stm32.12.3.rel1.macos64_1.1.0.202410301201/tools/bin/../lib/gcc/arm-none-eabi/12.3.1/thumb/v7-m/nofp/libgcc.a
LOAD /Applications/STM32CubeIDE.app/Contents/Eclipse/plugins/com.st.stm32cube.ide.mcu.externaltools.gnu-tools-for-stm32.12.3.rel1.macos64_1.1.0.202410301201/tools/bin/../lib/gcc/arm-none-eabi/12.3.1/../../../../arm-none-eabi/lib/thumb/v7-m/nofp/libc_nano.a
LOAD /Applications/STM32CubeIDE.app/Contents/Eclipse/plugins/com.st.stm32cube.ide.mcu.externaltools.gnu-tools-for-stm32.12.3.rel1.macos64_1.1.0.202410301201/tools/bin/../lib/gcc/arm-none-eabi/12.3.1/../../../../arm-none-eabi/lib/thumb/v7-m/nofp/libnosys.a
END GROUP
START GROUP
LOAD /Applications/STM32CubeIDE.app/Contents/Eclipse/plugins/com.st.stm32cube.ide.mcu.externaltools.gnu-tools-for-stm32.12.3.rel1.macos64_1.1.0.202410301201/tools/bin/../lib/gcc/arm-none-eabi/12.3.1/thumb/v7-m/nofp/libgcc.a
LOAD /Applications/STM32CubeIDE.app/Contents/Eclipse/plugins/com.st.stm32cube.ide.mcu.externaltools.gnu-tools-for-stm32.12.3.rel1.macos64_1.1.0.202410301201/tools/bin/../lib/gcc/arm-none-eabi/12.3.1/../../../../arm-none-eabi/lib/thumb/v7-m/nofp/libc_nano.a
LOAD /Applications/STM32CubeIDE.app/Contents/Eclipse/plugins/com.st.stm32cube.ide.mcu.externaltools.gnu-tools-for-stm32.12.3.rel1.macos64_1.1.0.202410301201/tools/bin/../lib/gcc/arm-none-eabi/12.3.1/../../../../arm-none-eabi/lib/thumb/v7-m/nofp/libnosys.a
END GROUP
LOAD /Applications/STM32CubeIDE.app/Contents/Eclipse/plugins/com.st.stm32cube.ide.mcu.externaltools.gnu-tools-for-stm32.12.3.rel1.macos64_1.1.0.202410301201/tools/bin/../lib/gcc/arm-none-eabi/12.3.1/thumb/v7-m/nofp/crtend.o
LOAD /Applications/STM32CubeIDE.app/Contents/Eclipse/plugins/com.st.stm32cube.ide.mcu.externaltools.gnu-tools-for-stm32.12.3.rel1.macos64_1.1.0.202410301201/tools/bin/../lib/gcc/arm-none-eabi/12.3.1/thumb/v7-m/nofp/crtn.o
                0x20005000                        _estack = (ORIGIN (RAM) + LENGTH (RAM))
                0x00000200                        _Min_Heap_Size = 0x200
                0x00000400                        _Min_Stack_Size = 0x400

.isr_vector     0x08000000      0x10c
                0x08000000                        . = ALIGN (0x4)
 *(.isr_vector)
 .isr_vector    0x08000000      0x10c ./Core/Startup/startup_stm32f103t8ux.o
                0x08000000                g_pfnVectors
                0x0800010c                        . = ALIGN (0x4)

.text           0x08000110     0xa8d0
                0x08000110                        . = ALIGN (0x4)
 *(.text)
 .text          0x08000110       0x40 /Applications/STM32CubeIDE.app/Contents/Eclipse/plugins/com.st.stm32cube.ide.mcu.externaltools.gnu-tools-for-stm32.12.3.rel1.macos64_1.1.0.202410301201/tools/bin/../lib/gcc/arm-none-eabi/12.3.1/thumb/v7-m/nofp/crtbegin.o
 .text          0x08000150       0x10 /Applications/STM32CubeIDE.app/Contents/Eclipse/plugins/com.st.stm32cube.ide.mcu.externaltools.gnu-tools-for-stm32.12.3.rel1.macos64_1.1.0.202410301201/tools/bin/../lib/gcc/arm-none-eabi/12.3.1/../../../../arm-none-eabi/lib/thumb/v7-m/nofp/libc_nano.a(libc_a-strlen.o)
                0x08000150                strlen
 .text          0x08000160       0x14 /Applications/STM32CubeIDE.app/Contents/Eclipse/plugins/com.st.stm32cube.ide.mcu.externaltools.gnu-tools-for-stm32.12.3.rel1.macos64_1.1.0.202410301201/tools/bin/../lib/gcc/arm-none-eabi/12.3.1/../../../../arm-none-eabi/lib/thumb/v7-m/nofp/libc_nano.a(libc_a-strcmp.o)
                0x08000160                strcmp
 .text          0x08000174      0x378 /Applications/STM32CubeIDE.app/Contents/Eclipse/plugins/com.st.stm32cube.ide.mcu.externaltools.gnu-tools-for-stm32.12.3.rel1.macos64_1.1.0.202410301201/tools/bin/../lib/gcc/arm-none-eabi/12.3.1/thumb/v7-m/nofp/libgcc.a(_arm_addsubdf3.o)
                0x08000174                __aeabi_drsub
                0x0800017c                __subdf3
                0x0800017c                __aeabi_dsub
                0x08000180                __aeabi_dadd
                0x08000180                __adddf3
                0x080003f8                __aeabi_ui2d
                0x080003f8                __floatunsidf
                0x08000418                __floatsidf
                0x08000418                __aeabi_i2d
                0x0800043c                __extendsfdf2
                0x0800043c                __aeabi_f2d
                0x08000480                __aeabi_ul2d
                0x08000480                __floatundidf
                0x08000490                __aeabi_l2d
                0x08000490                __floatdidf
 .text          0x080004ec      0x424 /Applications/STM32CubeIDE.app/Contents/Eclipse/plugins/com.st.stm32cube.ide.mcu.externaltools.gnu-tools-for-stm32.12.3.rel1.macos64_1.1.0.202410301201/tools/bin/../lib/gcc/arm-none-eabi/12.3.1/thumb/v7-m/nofp/libgcc.a(_arm_muldivdf3.o)
                0x080004ec                __aeabi_dmul
                0x080004ec                __muldf3
                0x08000740                __aeabi_ddiv
                0x08000740                __divdf3
 .text          0x08000910      0x110 /Applications/STM32CubeIDE.app/Contents/Eclipse/plugins/com.st.stm32cube.ide.mcu.externaltools.gnu-tools-for-stm32.12.3.rel1.macos64_1.1.0.202410301201/tools/bin/../lib/gcc/arm-none-eabi/12.3.1/thumb/v7-m/nofp/libgcc.a(_arm_cmpdf2.o)
                0x08000910                __gedf2
                0x08000910                __gtdf2
                0x08000918                __ledf2
                0x08000918                __ltdf2
                0x08000920                __cmpdf2
                0x08000920                __eqdf2
                0x08000920                __nedf2
                0x0800099c                __aeabi_cdrcmple
                0x080009ac                __aeabi_cdcmple
                0x080009ac                __aeabi_cdcmpeq
                0x080009bc                __aeabi_dcmpeq
                0x080009d0                __aeabi_dcmplt
                0x080009e4                __aeabi_dcmple
                0x080009f8                __aeabi_dcmpge
                0x08000a0c                __aeabi_dcmpgt
 .text          0x08000a20       0x2c /Applications/STM32CubeIDE.app/Contents/Eclipse/plugins/com.st.stm32cube.ide.mcu.externaltools.gnu-tools-for-stm32.12.3.rel1.macos64_1.1.0.202410301201/tools/bin/../lib/gcc/arm-none-eabi/12.3.1/thumb/v7-m/nofp/libgcc.a(_arm_unorddf2.o)
                0x08000a20                __aeabi_dcmpun
                0x08000a20                __unorddf2
 .text          0x08000a4c       0xa0 /Applications/STM32CubeIDE.app/Contents/Eclipse/plugins/com.st.stm32cube.ide.mcu.externaltools.gnu-tools-for-stm32.12.3.rel1.macos64_1.1.0.202410301201/tools/bin/../lib/gcc/arm-none-eabi/12.3.1/thumb/v7-m/nofp/libgcc.a(_arm_truncdfsf2.o)
                0x08000a4c                __aeabi_d2f
                0x08000a4c                __truncdfsf2
 .text          0x08000aec      0x21c /Applications/STM32CubeIDE.app/Contents/Eclipse/plugins/com.st.stm32cube.ide.mcu.externaltools.gnu-tools-for-stm32.12.3.rel1.macos64_1.1.0.202410301201/tools/bin/../lib/gcc/arm-none-eabi/12.3.1/thumb/v7-m/nofp/libgcc.a(_arm_addsubsf3.o)
                0x08000aec                __aeabi_frsub
                0x08000af4                __aeabi_fsub
                0x08000af4                __subsf3
                0x08000af8                __aeabi_fadd
                0x08000af8                __addsf3
                0x08000c58                __aeabi_ui2f
                0x08000c58                __floatunsisf
                0x08000c60                __floatsisf
                0x08000c60                __aeabi_i2f
                0x08000c7c                __aeabi_ul2f
                0x08000c7c                __floatundisf
                0x08000c8c                __aeabi_l2f
                0x08000c8c                __floatdisf
 .text          0x08000d08      0x2a0 /Applications/STM32CubeIDE.app/Contents/Eclipse/plugins/com.st.stm32cube.ide.mcu.externaltools.gnu-tools-for-stm32.12.3.rel1.macos64_1.1.0.202410301201/tools/bin/../lib/gcc/arm-none-eabi/12.3.1/thumb/v7-m/nofp/libgcc.a(_arm_muldivsf3.o)
                0x08000d08                __mulsf3
                0x08000d08                __aeabi_fmul
                0x08000e70                __divsf3
                0x08000e70                __aeabi_fdiv
 .text          0x08000fa8       0x4c /Applications/STM32CubeIDE.app/Contents/Eclipse/plugins/com.st.stm32cube.ide.mcu.externaltools.gnu-tools-for-stm32.12.3.rel1.macos64_1.1.0.202410301201/tools/bin/../lib/gcc/arm-none-eabi/12.3.1/thumb/v7-m/nofp/libgcc.a(_arm_fixsfsi.o)
                0x08000fa8                __fixsfsi
                0x08000fa8                __aeabi_f2iz
 .text          0x08000ff4       0xa0 /Applications/STM32CubeIDE.app/Contents/Eclipse/plugins/com.st.stm32cube.ide.mcu.externaltools.gnu-tools-for-stm32.12.3.rel1.macos64_1.1.0.202410301201/tools/bin/../lib/gcc/arm-none-eabi/12.3.1/thumb/v7-m/nofp/libgcc.a(_aeabi_ldivmod.o)
                0x08000ff4                __aeabi_ldivmod
 .text          0x08001094       0x30 /Applications/STM32CubeIDE.app/Contents/Eclipse/plugins/com.st.stm32cube.ide.mcu.externaltools.gnu-tools-for-stm32.12.3.rel1.macos64_1.1.0.202410301201/tools/bin/../lib/gcc/arm-none-eabi/12.3.1/thumb/v7-m/nofp/libgcc.a(_aeabi_uldivmod.o)
                0x08001094                __aeabi_uldivmod
 .text          0x080010c4      0x2b8 /Applications/STM32CubeIDE.app/Contents/Eclipse/plugins/com.st.stm32cube.ide.mcu.externaltools.gnu-tools-for-stm32.12.3.rel1.macos64_1.1.0.202410301201/tools/bin/../lib/gcc/arm-none-eabi/12.3.1/thumb/v7-m/nofp/libgcc.a(_udivmoddi4.o)
                0x080010c4                __udivmoddi4
 .text          0x0800137c        0x4 /Applications/STM32CubeIDE.app/Contents/Eclipse/plugins/com.st.stm32cube.ide.mcu.externaltools.gnu-tools-for-stm32.12.3.rel1.macos64_1.1.0.202410301201/tools/bin/../lib/gcc/arm-none-eabi/12.3.1/thumb/v7-m/nofp/libgcc.a(_dvmd_tls.o)
                0x0800137c                __aeabi_ldiv0
                0x0800137c                __aeabi_idiv0
 *(.text*)
 .text.BMP280_WriteReg
                0x08001380       0x54 ./Core/Src/bmp280.o
 .text.BMP280_ReadReg
                0x080013d4       0x80 ./Core/Src/bmp280.o
 .text.BMP280_ReadRegs
                0x08001454       0x64 ./Core/Src/bmp280.o
 .text.BMP280_Init
                0x080014b8      0x134 ./Core/Src/bmp280.o
                0x080014b8                BMP280_Init
 .text.BMP280_ReadPressure
                0x080015ec      0x594 ./Core/Src/bmp280.o
                0x080015ec                BMP280_ReadPressure
 .text.BMP280_ReadAltitude
                0x08001b80       0x74 ./Core/Src/bmp280.o
                0x08001b80                BMP280_ReadAltitude
 .text.main     0x08001bf4       0x9c ./Core/Src/main.o
                0x08001bf4                main
 .text.SystemClock_Config
                0x08001c90       0x86 ./Core/Src/main.o
                0x08001c90                SystemClock_Config
 *fill*         0x08001d16        0x2 
 .text.MX_I2C1_Init
                0x08001d18       0x5c ./Core/Src/main.o
 .text.MX_SPI1_Init
                0x08001d74       0x6c ./Core/Src/main.o
 .text.MX_USART1_UART_Init
                0x08001de0       0x54 ./Core/Src/main.o
 .text.MX_USART2_UART_Init
                0x08001e34       0x54 ./Core/Src/main.o
 .text.MX_GPIO_Init
                0x08001e88      0x130 ./Core/Src/main.o
 .text.Error_Handler
                0x08001fb8        0xc ./Core/Src/main.o
                0x08001fb8                Error_Handler
 .text.rfm95_select
                0x08001fc4       0x18 ./Core/Src/rfm95.o
 .text.rfm95_unselect
                0x08001fdc       0x18 ./Core/Src/rfm95.o
 .text.rfm95_read_reg
                0x08001ff4       0x50 ./Core/Src/rfm95.o
                0x08001ff4                rfm95_read_reg
 .text.rfm95_write_reg
                0x08002044       0x50 ./Core/Src/rfm95.o
                0x08002044                rfm95_write_reg
 .text.rfm95_dio0_callback
                0x08002094        0xc ./Core/Src/rfm95.o
                0x08002094                rfm95_dio0_callback
 .text.rfm95_dio1_callback
                0x080020a0        0xc ./Core/Src/rfm95.o
                0x080020a0                rfm95_dio1_callback
 .text.rfm95_dio2_callback
                0x080020ac        0xc ./Core/Src/rfm95.o
                0x080020ac                rfm95_dio2_callback
 .text.rfm95_dio3_callback
                0x080020b8        0xc ./Core/Src/rfm95.o
                0x080020b8                rfm95_dio3_callback
 .text.HAL_GPIO_EXTI_Callback
                0x080020c4       0x50 ./Core/Src/rfm95.o
                0x080020c4                HAL_GPIO_EXTI_Callback
 .text.rfm95_init
                0x08002114      0x124 ./Core/Src/rfm95.o
                0x08002114                rfm95_init
 .text.rfm95_send
                0x08002238       0xc8 ./Core/Src/rfm95.o
                0x08002238                rfm95_send
 .text.rfm95_receive
                0x08002300      0x110 ./Core/Src/rfm95.o
                0x08002300                rfm95_receive
 .text.rfm95_sleep
                0x08002410       0x10 ./Core/Src/rfm95.o
                0x08002410                rfm95_sleep
 .text.rfm95_standby
                0x08002420       0x10 ./Core/Src/rfm95.o
                0x08002420                rfm95_standby
 .text.rfm95_get_rssi
                0x08002430       0x16 ./Core/Src/rfm95.o
                0x08002430                rfm95_get_rssi
 .text.rfm95_clear_flags
                0x08002446       0x10 ./Core/Src/rfm95.o
                0x08002446                rfm95_clear_flags
 *fill*         0x08002456        0x2 
 .text.sam_m8q_set_debug
                0x08002458       0x20 ./Core/Src/sam_m8q.o
                0x08002458                sam_m8q_set_debug
 .text.sam_m8q_init_uart
                0x08002478       0x44 ./Core/Src/sam_m8q.o
                0x08002478                sam_m8q_init_uart
 .text.sam_m8q_init_i2c
                0x080024bc       0x28 ./Core/Src/sam_m8q.o
                0x080024bc                sam_m8q_init_i2c
 .text.sam_m8q_get_data
                0x080024e4       0x4c ./Core/Src/sam_m8q.o
                0x080024e4                sam_m8q_get_data
 .text.sam_m8q_sleep
                0x08002530       0x50 ./Core/Src/sam_m8q.o
                0x08002530                sam_m8q_sleep
 .text.sam_m8q_wake
                0x08002580       0x50 ./Core/Src/sam_m8q.o
                0x08002580                sam_m8q_wake
 .text.sam_m8q_data_ready
                0x080025d0       0x14 ./Core/Src/sam_m8q.o
                0x080025d0                sam_m8q_data_ready
 .text.MX_TIM2_Init
                0x080025e4       0xcc ./Core/Src/servo.o
                0x080025e4                MX_TIM2_Init
 .text.MX_TIM3_Init
                0x080026b0       0xd0 ./Core/Src/servo.o
                0x080026b0                MX_TIM3_Init
 .text.init_servo
                0x08002780       0x28 ./Core/Src/servo.o
                0x08002780                init_servo
 .text.servo_set_angle
                0x080027a8       0x3c ./Core/Src/servo.o
                0x080027a8                servo_set_angle
 .text.ush_read
                0x080027e4       0x30 ./Core/Src/shell.o
 .text.ush_write
                0x08002814       0x34 ./Core/Src/shell.o
 .text.cmd_led_callback
                0x08002848       0x7c ./Core/Src/shell.o
 .text.shell_init
                0x080028c4       0x60 ./Core/Src/shell.o
                0x080028c4                shell_init
 .text.lora_monitor_service
                0x08002924      0x228 ./Core/Src/shell.o
                0x08002924                lora_monitor_service
 .text.shell_service
                0x08002b4c       0x1c ./Core/Src/shell.o
                0x08002b4c                shell_service
 .text.HAL_MspInit
                0x08002b68       0x64 ./Core/Src/stm32f1xx_hal_msp.o
                0x08002b68                HAL_MspInit
 .text.HAL_I2C_MspInit
                0x08002bcc       0x7c ./Core/Src/stm32f1xx_hal_msp.o
                0x08002bcc                HAL_I2C_MspInit
 .text.HAL_SPI_MspInit
                0x08002c48       0x94 ./Core/Src/stm32f1xx_hal_msp.o
                0x08002c48                HAL_SPI_MspInit
 .text.HAL_TIM_PWM_MspInit
                0x08002cdc       0x60 ./Core/Src/stm32f1xx_hal_msp.o
                0x08002cdc                HAL_TIM_PWM_MspInit
 .text.HAL_TIM_MspPostInit
                0x08002d3c       0xcc ./Core/Src/stm32f1xx_hal_msp.o
                0x08002d3c                HAL_TIM_MspPostInit
 .text.HAL_UART_MspInit
                0x08002e08      0x108 ./Core/Src/stm32f1xx_hal_msp.o
                0x08002e08                HAL_UART_MspInit
 .text.NMI_Handler
                0x08002f10        0x8 ./Core/Src/stm32f1xx_it.o
                0x08002f10                NMI_Handler
 .text.HardFault_Handler
                0x08002f18        0x8 ./Core/Src/stm32f1xx_it.o
                0x08002f18                HardFault_Handler
 .text.MemManage_Handler
                0x08002f20        0x8 ./Core/Src/stm32f1xx_it.o
                0x08002f20                MemManage_Handler
 .text.BusFault_Handler
                0x08002f28        0x8 ./Core/Src/stm32f1xx_it.o
                0x08002f28                BusFault_Handler
 .text.UsageFault_Handler
                0x08002f30        0x8 ./Core/Src/stm32f1xx_it.o
                0x08002f30                UsageFault_Handler
 .text.SVC_Handler
                0x08002f38        0xc ./Core/Src/stm32f1xx_it.o
                0x08002f38                SVC_Handler
 .text.DebugMon_Handler
                0x08002f44        0xc ./Core/Src/stm32f1xx_it.o
                0x08002f44                DebugMon_Handler
 .text.PendSV_Handler
                0x08002f50        0xc ./Core/Src/stm32f1xx_it.o
                0x08002f50                PendSV_Handler
 .text.SysTick_Handler
                0x08002f5c        0xc ./Core/Src/stm32f1xx_it.o
                0x08002f5c                SysTick_Handler
 .text.EXTI0_IRQHandler
                0x08002f68        0xe ./Core/Src/stm32f1xx_it.o
                0x08002f68                EXTI0_IRQHandler
 .text.EXTI1_IRQHandler
                0x08002f76        0xe ./Core/Src/stm32f1xx_it.o
                0x08002f76                EXTI1_IRQHandler
 .text.EXTI15_10_IRQHandler
                0x08002f84       0x18 ./Core/Src/stm32f1xx_it.o
                0x08002f84                EXTI15_10_IRQHandler
 .text._sbrk    0x08002f9c       0x6c ./Core/Src/sysmem.o
                0x08002f9c                _sbrk
 .text.SystemInit
                0x08003008        0xc ./Core/Src/system_stm32f1xx.o
                0x08003008                SystemInit
 .text.ush_init
                0x08003014       0x44 ./Core/Src/ush.o
                0x08003014                ush_init
 .text.ush_service
                0x08003058       0x8c ./Core/Src/ush.o
                0x08003058                ush_service
 .text.ush_print_status
                0x080030e4       0x28 ./Core/Src/ush.o
                0x080030e4                ush_print_status
 .text.ush_print
                0x0800310c       0x1c ./Core/Src/ush.o
                0x0800310c                ush_print
 .text.ush_print_no_newline
                0x08003128       0x1c ./Core/Src/ush.o
                0x08003128                ush_print_no_newline
 .text.ush_autocomp_service
                0x08003144       0xa8 ./Core/Src/ush_autocomp.o
                0x08003144                ush_autocomp_service
 .text.ush_autocomp_state_recall_suffix
                0x080031ec       0x54 ./Core/Src/ush_autocomp_state.o
                0x080031ec                ush_autocomp_state_recall_suffix
 .text.ush_autocomp_state_prepare
                0x08003240       0x28 ./Core/Src/ush_autocomp_state.o
                0x08003240                ush_autocomp_state_prepare
 .text.ush_autocomp_state_candidates_start
                0x08003268       0x2c ./Core/Src/ush_autocomp_state.o
                0x08003268                ush_autocomp_state_candidates_start
 .text.ush_autocomp_state_candidates_process
                0x08003294       0x52 ./Core/Src/ush_autocomp_state.o
                0x08003294                ush_autocomp_state_candidates_process
 .text.ush_autocomp_state_candidates_finish
                0x080032e6       0xe8 ./Core/Src/ush_autocomp_state.o
                0x080032e6                ush_autocomp_state_candidates_finish
 .text.ush_autocomp_start
                0x080033ce       0x18 ./Core/Src/ush_autocomp_utils.o
                0x080033ce                ush_autocomp_start
 .text.ush_autocomp_prepare_candidates
                0x080033e6       0x32 ./Core/Src/ush_autocomp_utils.o
                0x080033e6                ush_autocomp_prepare_candidates
 .text.ush_autocomp_optimize_continue
                0x08003418       0x9e ./Core/Src/ush_autocomp_utils.o
                0x08003418                ush_autocomp_optimize_continue
 .text.ush_autocomp_check_for_finish
                0x080034b6      0x118 ./Core/Src/ush_autocomp_utils.o
                0x080034b6                ush_autocomp_check_for_finish
 .text.ush_autocomp_check_for_next
                0x080035ce       0x6a ./Core/Src/ush_autocomp_utils.o
                0x080035ce                ush_autocomp_check_for_next
 .text.ush_autocomp_process_file_index
                0x08003638      0x10c ./Core/Src/ush_autocomp_utils.o
                0x08003638                ush_autocomp_process_file_index
 .text.ush_autocomp_process_file_prepare
                0x08003744       0xbe ./Core/Src/ush_autocomp_utils.o
                0x08003744                ush_autocomp_process_file_prepare
 .text.ush_commands_add
                0x08003802       0x4e ./Core/Src/ush_commands.o
                0x08003802                ush_commands_add
 .text.ush_file_find_by_name
                0x08003850      0x19e ./Core/Src/ush_file.o
                0x08003850                ush_file_find_by_name
 .text.ush_node_get_by_path
                0x080039ee      0x10c ./Core/Src/ush_node.o
                0x080039ee                ush_node_get_by_path
 *fill*         0x08003afa        0x2 
 .text.ush_node_get_absolute_path
                0x08003afc      0x100 ./Core/Src/ush_node.o
                0x08003afc                ush_node_get_absolute_path
 .text.ush_node_get_parent_by_path
                0x08003bfc       0x98 ./Core/Src/ush_node_utils.o
                0x08003bfc                ush_node_get_parent_by_path
 .text.ush_parse_finish
                0x08003c94       0xe0 ./Core/Src/ush_parse.o
                0x08003c94                ush_parse_finish
 .text.ush_parse_service
                0x08003d74       0x40 ./Core/Src/ush_parse.o
                0x08003d74                ush_parse_service
 .text.ush_parse_char
                0x08003db4       0x5e ./Core/Src/ush_parse_char.o
                0x08003db4                ush_parse_char
 .text.ush_parse_start
                0x08003e12       0x32 ./Core/Src/ush_parse_utils.o
                0x08003e12                ush_parse_start
 .text.ush_parse_get_args
                0x08003e44       0x66 ./Core/Src/ush_parse_utils.o
                0x08003e44                ush_parse_get_args
 .text.ush_parse_char_standard
                0x08003eaa      0x1bc ./Core/Src/ush_parse_utils.o
                0x08003eaa                ush_parse_char_standard
 .text.ush_process_start
                0x08004066       0x20 ./Core/Src/ush_process.o
                0x08004066                ush_process_start
 .text.ush_process_service
                0x08004086       0x4a ./Core/Src/ush_process.o
                0x08004086                ush_process_service
 .text.ush_prompt_start
                0x080040d0       0x22 ./Core/Src/ush_prompt.o
                0x080040d0                ush_prompt_start
 *fill*         0x080040f2        0x2 
 .text.ush_prompt_service
                0x080040f4       0xa0 ./Core/Src/ush_prompt.o
                0x080040f4                ush_prompt_service
 .text.ush_read_service
                0x08004194       0x44 ./Core/Src/ush_read.o
                0x08004194                ush_read_service
 .text.ush_read_char
                0x080041d8      0x12c ./Core/Src/ush_read_char.o
                0x080041d8                ush_read_char
 .text.ush_read_echo_service
                0x08004304       0xb6 ./Core/Src/ush_read_utils.o
                0x08004304                ush_read_echo_service
 .text.ush_read_char_by_escape_state
                0x080043ba       0x9a ./Core/Src/ush_read_utils.o
                0x080043ba                ush_read_char_by_escape_state
 .text.ush_read_start
                0x08004454       0x34 ./Core/Src/ush_read_utils.o
                0x08004454                ush_read_start
 .text.ush_reset
                0x08004488       0x28 ./Core/Src/ush_reset.o
                0x08004488                ush_reset
 .text.ush_reset_service
                0x080044b0       0x44 ./Core/Src/ush_reset.o
                0x080044b0                ush_reset_service
 .text.ush_utils_join_path
                0x080044f4       0x58 ./Core/Src/ush_utils.o
                0x080044f4                ush_utils_join_path
 .text.ush_utils_get_collapse_path
                0x0800454c      0x21c ./Core/Src/ush_utils.o
                0x0800454c                ush_utils_get_collapse_path
 .text.ush_utils_get_path_level
                0x08004768       0x6c ./Core/Src/ush_utils.o
                0x08004768                ush_utils_get_path_level
 .text.ush_utils_get_path_levels_count
                0x080047d4       0x58 ./Core/Src/ush_utils.o
                0x080047d4                ush_utils_get_path_levels_count
 .text.ush_utils_path_upper
                0x0800482c       0x5e ./Core/Src/ush_utils.o
                0x0800482c                ush_utils_path_upper
 .text.ush_utils_path_last
                0x0800488a       0x52 ./Core/Src/ush_utils.o
                0x0800488a                ush_utils_path_last
 .text.ush_utils_get_last_arg
                0x080048dc       0x66 ./Core/Src/ush_utils.o
                0x080048dc                ush_utils_get_last_arg
 .text.ush_utils_startswith
                0x08004942       0x30 ./Core/Src/ush_utils.o
                0x08004942                ush_utils_startswith
 *fill*         0x08004972        0x2 
 .text.ush_utils_get_status_string
                0x08004974       0xc8 ./Core/Src/ush_utils.o
                0x08004974                ush_utils_get_status_string
 .text.hex_to_dec
                0x08004a3c       0x52 ./Core/Src/ush_utils.o
 .text.ush_utils_decode_ascii
                0x08004a8e       0xce ./Core/Src/ush_utils.o
                0x08004a8e                ush_utils_decode_ascii
 .text.ush_write_pointer
                0x08004b5c       0x28 ./Core/Src/ush_write.o
                0x08004b5c                ush_write_pointer
 .text.ush_write_service
                0x08004b84       0x2c ./Core/Src/ush_write.o
                0x08004b84                ush_write_service
 .text.ush_write_pointer_bin
                0x08004bb0       0x36 ./Core/Src/ush_write_utils.o
                0x08004bb0                ush_write_pointer_bin
 .text.ush_write_char
                0x08004be6       0x56 ./Core/Src/ush_write_utils.o
                0x08004be6                ush_write_char
 .text.int_to_str
                0x08004c3c       0xa4 ./Core/Src/commands/ush_cmd_baro.o
 .text.cmd_read_pressure_callback
                0x08004ce0      0x130 ./Core/Src/commands/ush_cmd_baro.o
 .text.cmd_read_altitude_callback
                0x08004e10      0x10c ./Core/Src/commands/ush_cmd_baro.o
 .text.cmd_baro_init
                0x08004f1c       0x24 ./Core/Src/commands/ush_cmd_baro.o
                0x08004f1c                cmd_baro_init
 .text.ush_buildin_cmd_echo_callback
                0x08004f40       0xe8 ./Core/Src/commands/ush_cmd_echo.o
                0x08004f40                ush_buildin_cmd_echo_callback
 .text.cmd_gps_init_callback
                0x08005028       0xbc ./Core/Src/commands/ush_cmd_gps.o
 .text.cmd_gps_status_callback
                0x080050e4      0x2a4 ./Core/Src/commands/ush_cmd_gps.o
 .text.cmd_gps_sleep_callback
                0x08005388       0x58 ./Core/Src/commands/ush_cmd_gps.o
 .text.cmd_gps_wake_callback
                0x080053e0       0x58 ./Core/Src/commands/ush_cmd_gps.o
 .text.cmd_gps_monitor_callback
                0x08005438       0xb0 ./Core/Src/commands/ush_cmd_gps.o
 .text.gps_monitor_service
                0x080054e8       0x34 ./Core/Src/commands/ush_cmd_gps.o
                0x080054e8                gps_monitor_service
 .text.cmd_gps_raw_callback
                0x0800551c      0x260 ./Core/Src/commands/ush_cmd_gps.o
 .text.cmd_gps_init
                0x0800577c       0x24 ./Core/Src/commands/ush_cmd_gps.o
                0x0800577c                cmd_gps_init
 .text.ush_buildin_cmd_help_callback
                0x080057a0       0x8a ./Core/Src/commands/ush_cmd_help.o
                0x080057a0                ush_buildin_cmd_help_callback
 *fill*         0x0800582a        0x2 
 .text.ush_buildin_cmd_help_service
                0x0800582c      0x13c ./Core/Src/commands/ush_cmd_help.o
                0x0800582c                ush_buildin_cmd_help_service
 .text.hex_to_str
                0x08005968       0x6c ./Core/Src/commands/ush_cmd_rfm95.o
 .text.cmd_rfm95_status_callback
                0x080059d4      0x668 ./Core/Src/commands/ush_cmd_rfm95.o
 .text.cmd_lora_rx
                0x0800603c       0xb8 ./Core/Src/commands/ush_cmd_rfm95.o
                0x0800603c                cmd_lora_rx
 .text.cmd_rfm95_send_callback
                0x080060f4      0x17c ./Core/Src/commands/ush_cmd_rfm95.o
 .text.cmd_rfm95_receive_callback
                0x08006270      0x1c8 ./Core/Src/commands/ush_cmd_rfm95.o
 .text.cmd_rfm95_init
                0x08006438       0x24 ./Core/Src/commands/ush_cmd_rfm95.o
                0x08006438                cmd_rfm95_init
 .text.cmd_set_servo_callback
                0x0800645c       0xa8 ./Core/Src/commands/ush_cmd_servo.o
 .text.cmd_servo_init
                0x08006504       0x24 ./Core/Src/commands/ush_cmd_servo.o
                0x08006504                cmd_servo_init
 .text.Reset_Handler
                0x08006528       0x48 ./Core/Startup/startup_stm32f103t8ux.o
                0x08006528                Reset_Handler
 .text.Default_Handler
                0x08006570        0x2 ./Core/Startup/startup_stm32f103t8ux.o
                0x08006570                USBWakeUp_IRQHandler
                0x08006570                EXTI2_IRQHandler
                0x08006570                TIM1_CC_IRQHandler
                0x08006570                PVD_IRQHandler
                0x08006570                EXTI3_IRQHandler
                0x08006570                I2C2_EV_IRQHandler
                0x08006570                ADC1_2_IRQHandler
                0x08006570                SPI1_IRQHandler
                0x08006570                TAMPER_IRQHandler
                0x08006570                DMA1_Channel4_IRQHandler
                0x08006570                USART3_IRQHandler
                0x08006570                RTC_IRQHandler
                0x08006570                DMA1_Channel7_IRQHandler
                0x08006570                CAN1_RX1_IRQHandler
                0x08006570                TIM4_IRQHandler
                0x08006570                I2C1_EV_IRQHandler
                0x08006570                DMA1_Channel6_IRQHandler
                0x08006570                TIM3_IRQHandler
                0x08006570                RCC_IRQHandler
                0x08006570                TIM1_TRG_COM_IRQHandler
                0x08006570                DMA1_Channel1_IRQHandler
                0x08006570                Default_Handler
                0x08006570                EXTI9_5_IRQHandler
                0x08006570                SPI2_IRQHandler
                0x08006570                DMA1_Channel5_IRQHandler
                0x08006570                EXTI4_IRQHandler
                0x08006570                USB_LP_CAN1_RX0_IRQHandler
                0x08006570                USB_HP_CAN1_TX_IRQHandler
                0x08006570                DMA1_Channel3_IRQHandler
                0x08006570                TIM1_UP_IRQHandler
                0x08006570                WWDG_IRQHandler
                0x08006570                TIM2_IRQHandler
                0x08006570                TIM1_BRK_IRQHandler
                0x08006570                USART2_IRQHandler
                0x08006570                I2C2_ER_IRQHandler
                0x08006570                DMA1_Channel2_IRQHandler
                0x08006570                CAN1_SCE_IRQHandler
                0x08006570                FLASH_IRQHandler
                0x08006570                USART1_IRQHandler
                0x08006570                I2C1_ER_IRQHandler
                0x08006570                RTC_Alarm_IRQHandler
 *fill*         0x08006572        0x2 
 .text.HAL_Init
                0x08006574       0x2c ./Drivers/STM32F1xx_HAL_Driver/Src/stm32f1xx_hal.o
                0x08006574                HAL_Init
 .text.HAL_InitTick
                0x080065a0       0x60 ./Drivers/STM32F1xx_HAL_Driver/Src/stm32f1xx_hal.o
                0x080065a0                HAL_InitTick
 .text.HAL_IncTick
                0x08006600       0x24 ./Drivers/STM32F1xx_HAL_Driver/Src/stm32f1xx_hal.o
                0x08006600                HAL_IncTick
 .text.HAL_GetTick
                0x08006624       0x14 ./Drivers/STM32F1xx_HAL_Driver/Src/stm32f1xx_hal.o
                0x08006624                HAL_GetTick
 .text.HAL_Delay
                0x08006638       0x48 ./Drivers/STM32F1xx_HAL_Driver/Src/stm32f1xx_hal.o
                0x08006638                HAL_Delay
 .text.__NVIC_SetPriorityGrouping
                0x08006680       0x48 ./Drivers/STM32F1xx_HAL_Driver/Src/stm32f1xx_hal_cortex.o
 .text.__NVIC_GetPriorityGrouping
                0x080066c8       0x1c ./Drivers/STM32F1xx_HAL_Driver/Src/stm32f1xx_hal_cortex.o
 .text.__NVIC_EnableIRQ
                0x080066e4       0x38 ./Drivers/STM32F1xx_HAL_Driver/Src/stm32f1xx_hal_cortex.o
 .text.__NVIC_SetPriority
                0x0800671c       0x54 ./Drivers/STM32F1xx_HAL_Driver/Src/stm32f1xx_hal_cortex.o
 .text.NVIC_EncodePriority
                0x08006770       0x64 ./Drivers/STM32F1xx_HAL_Driver/Src/stm32f1xx_hal_cortex.o
 .text.SysTick_Config
                0x080067d4       0x44 ./Drivers/STM32F1xx_HAL_Driver/Src/stm32f1xx_hal_cortex.o
 .text.HAL_NVIC_SetPriorityGrouping
                0x08006818       0x16 ./Drivers/STM32F1xx_HAL_Driver/Src/stm32f1xx_hal_cortex.o
                0x08006818                HAL_NVIC_SetPriorityGrouping
 .text.HAL_NVIC_SetPriority
                0x0800682e       0x38 ./Drivers/STM32F1xx_HAL_Driver/Src/stm32f1xx_hal_cortex.o
                0x0800682e                HAL_NVIC_SetPriority
 .text.HAL_NVIC_EnableIRQ
                0x08006866       0x1c ./Drivers/STM32F1xx_HAL_Driver/Src/stm32f1xx_hal_cortex.o
                0x08006866                HAL_NVIC_EnableIRQ
 .text.HAL_SYSTICK_Config
                0x08006882       0x18 ./Drivers/STM32F1xx_HAL_Driver/Src/stm32f1xx_hal_cortex.o
                0x08006882                HAL_SYSTICK_Config
 *fill*         0x0800689a        0x2 
 .text.HAL_GPIO_Init
                0x0800689c      0x308 ./Drivers/STM32F1xx_HAL_Driver/Src/stm32f1xx_hal_gpio.o
                0x0800689c                HAL_GPIO_Init
 .text.HAL_GPIO_WritePin
                0x08006ba4       0x30 ./Drivers/STM32F1xx_HAL_Driver/Src/stm32f1xx_hal_gpio.o
                0x08006ba4                HAL_GPIO_WritePin
 .text.HAL_GPIO_EXTI_IRQHandler
                0x08006bd4       0x30 ./Drivers/STM32F1xx_HAL_Driver/Src/stm32f1xx_hal_gpio.o
                0x08006bd4                HAL_GPIO_EXTI_IRQHandler
 .text.HAL_I2C_Init
                0x08006c04      0x288 ./Drivers/STM32F1xx_HAL_Driver/Src/stm32f1xx_hal_i2c.o
                0x08006c04                HAL_I2C_Init
 .text.HAL_RCC_OscConfig
                0x08006e8c      0x504 ./Drivers/STM32F1xx_HAL_Driver/Src/stm32f1xx_hal_rcc.o
                0x08006e8c                HAL_RCC_OscConfig
 .text.HAL_RCC_ClockConfig
                0x08007390      0x1d4 ./Drivers/STM32F1xx_HAL_Driver/Src/stm32f1xx_hal_rcc.o
                0x08007390                HAL_RCC_ClockConfig
 .text.HAL_RCC_GetSysClockFreq
                0x08007564       0xa8 ./Drivers/STM32F1xx_HAL_Driver/Src/stm32f1xx_hal_rcc.o
                0x08007564                HAL_RCC_GetSysClockFreq
 .text.HAL_RCC_GetHCLKFreq
                0x0800760c       0x14 ./Drivers/STM32F1xx_HAL_Driver/Src/stm32f1xx_hal_rcc.o
                0x0800760c                HAL_RCC_GetHCLKFreq
 .text.HAL_RCC_GetPCLK1Freq
                0x08007620       0x28 ./Drivers/STM32F1xx_HAL_Driver/Src/stm32f1xx_hal_rcc.o
                0x08007620                HAL_RCC_GetPCLK1Freq
 .text.HAL_RCC_GetPCLK2Freq
                0x08007648       0x28 ./Drivers/STM32F1xx_HAL_Driver/Src/stm32f1xx_hal_rcc.o
                0x08007648                HAL_RCC_GetPCLK2Freq
 .text.RCC_Delay
                0x08007670       0x3c ./Drivers/STM32F1xx_HAL_Driver/Src/stm32f1xx_hal_rcc.o
 .text.HAL_SPI_Init
                0x080076ac      0x108 ./Drivers/STM32F1xx_HAL_Driver/Src/stm32f1xx_hal_spi.o
                0x080076ac                HAL_SPI_Init
 .text.HAL_SPI_Transmit
                0x080077b4      0x288 ./Drivers/STM32F1xx_HAL_Driver/Src/stm32f1xx_hal_spi.o
                0x080077b4                HAL_SPI_Transmit
 .text.HAL_SPI_Receive
                0x08007a3c      0x232 ./Drivers/STM32F1xx_HAL_Driver/Src/stm32f1xx_hal_spi.o
                0x08007a3c                HAL_SPI_Receive
 .text.HAL_SPI_TransmitReceive
                0x08007c6e      0x352 ./Drivers/STM32F1xx_HAL_Driver/Src/stm32f1xx_hal_spi.o
                0x08007c6e                HAL_SPI_TransmitReceive
 .text.SPI_WaitFlagStateUntilTimeout
                0x08007fc0      0x110 ./Drivers/STM32F1xx_HAL_Driver/Src/stm32f1xx_hal_spi.o
 .text.SPI_EndRxTransaction
                0x080080d0       0xa4 ./Drivers/STM32F1xx_HAL_Driver/Src/stm32f1xx_hal_spi.o
 .text.SPI_EndRxTxTransaction
                0x08008174       0x62 ./Drivers/STM32F1xx_HAL_Driver/Src/stm32f1xx_hal_spi.o
 .text.HAL_TIM_PWM_Init
                0x080081d6       0x9e ./Drivers/STM32F1xx_HAL_Driver/Src/stm32f1xx_hal_tim.o
                0x080081d6                HAL_TIM_PWM_Init
 .text.HAL_TIM_PWM_Start
                0x08008274      0x144 ./Drivers/STM32F1xx_HAL_Driver/Src/stm32f1xx_hal_tim.o
                0x08008274                HAL_TIM_PWM_Start
 .text.HAL_TIM_PWM_ConfigChannel
                0x080083b8      0x184 ./Drivers/STM32F1xx_HAL_Driver/Src/stm32f1xx_hal_tim.o
                0x080083b8                HAL_TIM_PWM_ConfigChannel
 .text.TIM_Base_SetConfig
                0x0800853c       0xdc ./Drivers/STM32F1xx_HAL_Driver/Src/stm32f1xx_hal_tim.o
                0x0800853c                TIM_Base_SetConfig
 .text.TIM_OC1_SetConfig
                0x08008618       0xcc ./Drivers/STM32F1xx_HAL_Driver/Src/stm32f1xx_hal_tim.o
 .text.TIM_OC2_SetConfig
                0x080086e4       0xd4 ./Drivers/STM32F1xx_HAL_Driver/Src/stm32f1xx_hal_tim.o
                0x080086e4                TIM_OC2_SetConfig
 .text.TIM_OC3_SetConfig
                0x080087b8       0xd4 ./Drivers/STM32F1xx_HAL_Driver/Src/stm32f1xx_hal_tim.o
 .text.TIM_OC4_SetConfig
                0x0800888c       0x9c ./Drivers/STM32F1xx_HAL_Driver/Src/stm32f1xx_hal_tim.o
 .text.TIM_CCxChannelCmd
                0x08008928       0x48 ./Drivers/STM32F1xx_HAL_Driver/Src/stm32f1xx_hal_tim.o
                0x08008928                TIM_CCxChannelCmd
 .text.HAL_TIMEx_MasterConfigSynchronization
                0x08008970       0xbc ./Drivers/STM32F1xx_HAL_Driver/Src/stm32f1xx_hal_tim_ex.o
                0x08008970                HAL_TIMEx_MasterConfigSynchronization
 .text.HAL_UART_Init
                0x08008a2c       0xa0 ./Drivers/STM32F1xx_HAL_Driver/Src/stm32f1xx_hal_uart.o
                0x08008a2c                HAL_UART_Init
 .text.HAL_UART_Transmit
                0x08008acc      0x116 ./Drivers/STM32F1xx_HAL_Driver/Src/stm32f1xx_hal_uart.o
                0x08008acc                HAL_UART_Transmit
 .text.HAL_UART_Receive
                0x08008be2      0x12e ./Drivers/STM32F1xx_HAL_Driver/Src/stm32f1xx_hal_uart.o
                0x08008be2                HAL_UART_Receive
 .text.HAL_UART_Receive_IT
                0x08008d10       0x4a ./Drivers/STM32F1xx_HAL_Driver/Src/stm32f1xx_hal_uart.o
                0x08008d10                HAL_UART_Receive_IT
 .text.UART_WaitOnFlagUntilTimeout
                0x08008d5a       0xb2 ./Drivers/STM32F1xx_HAL_Driver/Src/stm32f1xx_hal_uart.o
 .text.UART_Start_Receive_IT
                0x08008e0c       0x72 ./Drivers/STM32F1xx_HAL_Driver/Src/stm32f1xx_hal_uart.o
                0x08008e0c                UART_Start_Receive_IT
 .text.UART_EndRxTransfer
                0x08008e7e       0xc4 ./Drivers/STM32F1xx_HAL_Driver/Src/stm32f1xx_hal_uart.o
 *fill*         0x08008f42        0x2 
 .text.UART_SetConfig
                0x08008f44      0x11c ./Drivers/STM32F1xx_HAL_Driver/Src/stm32f1xx_hal_uart.o
 .text.atoi     0x08009060        0x8 /Applications/STM32CubeIDE.app/Contents/Eclipse/plugins/com.st.stm32cube.ide.mcu.externaltools.gnu-tools-for-stm32.12.3.rel1.macos64_1.1.0.202410301201/tools/bin/../lib/gcc/arm-none-eabi/12.3.1/../../../../arm-none-eabi/lib/thumb/v7-m/nofp/libc_nano.a(libc_a-atoi.o)
                0x08009060                atoi
 .text.snprintf
                0x08009068       0x68 /Applications/STM32CubeIDE.app/Contents/Eclipse/plugins/com.st.stm32cube.ide.mcu.externaltools.gnu-tools-for-stm32.12.3.rel1.macos64_1.1.0.202410301201/tools/bin/../lib/gcc/arm-none-eabi/12.3.1/../../../../arm-none-eabi/lib/thumb/v7-m/nofp/libc_nano.a(libc_a-snprintf.o)
                0x08009068                snprintf
                0x08009068                sniprintf
 .text.sprintf  0x080090d0       0x40 /Applications/STM32CubeIDE.app/Contents/Eclipse/plugins/com.st.stm32cube.ide.mcu.externaltools.gnu-tools-for-stm32.12.3.rel1.macos64_1.1.0.202410301201/tools/bin/../lib/gcc/arm-none-eabi/12.3.1/../../../../arm-none-eabi/lib/thumb/v7-m/nofp/libc_nano.a(libc_a-sprintf.o)
                0x080090d0                sprintf
                0x080090d0                siprintf
 .text._strtol_l.constprop.0
                0x08009110       0xf4 /Applications/STM32CubeIDE.app/Contents/Eclipse/plugins/com.st.stm32cube.ide.mcu.externaltools.gnu-tools-for-stm32.12.3.rel1.macos64_1.1.0.202410301201/tools/bin/../lib/gcc/arm-none-eabi/12.3.1/../../../../arm-none-eabi/lib/thumb/v7-m/nofp/libc_nano.a(libc_a-strtol.o)
 .text.strtol   0x08009204       0x14 /Applications/STM32CubeIDE.app/Contents/Eclipse/plugins/com.st.stm32cube.ide.mcu.externaltools.gnu-tools-for-stm32.12.3.rel1.macos64_1.1.0.202410301201/tools/bin/../lib/gcc/arm-none-eabi/12.3.1/../../../../arm-none-eabi/lib/thumb/v7-m/nofp/libc_nano.a(libc_a-strtol.o)
                0x08009204                strtol
 .text.strcat   0x08009218       0x1e /Applications/STM32CubeIDE.app/Contents/Eclipse/plugins/com.st.stm32cube.ide.mcu.externaltools.gnu-tools-for-stm32.12.3.rel1.macos64_1.1.0.202410301201/tools/bin/../lib/gcc/arm-none-eabi/12.3.1/../../../../arm-none-eabi/lib/thumb/v7-m/nofp/libc_nano.a(libc_a-strcat.o)
                0x08009218                strcat
 .text.strncmp  0x08009236       0x24 /Applications/STM32CubeIDE.app/Contents/Eclipse/plugins/com.st.stm32cube.ide.mcu.externaltools.gnu-tools-for-stm32.12.3.rel1.macos64_1.1.0.202410301201/tools/bin/../lib/gcc/arm-none-eabi/12.3.1/../../../../arm-none-eabi/lib/thumb/v7-m/nofp/libc_nano.a(libc_a-strncmp.o)
                0x08009236                strncmp
 .text.memcmp   0x0800925a       0x20 /Applications/STM32CubeIDE.app/Contents/Eclipse/plugins/com.st.stm32cube.ide.mcu.externaltools.gnu-tools-for-stm32.12.3.rel1.macos64_1.1.0.202410301201/tools/bin/../lib/gcc/arm-none-eabi/12.3.1/../../../../arm-none-eabi/lib/thumb/v7-m/nofp/libc_nano.a(libc_a-memcmp.o)
                0x0800925a                memcmp
 .text.memset   0x0800927a       0x10 /Applications/STM32CubeIDE.app/Contents/Eclipse/plugins/com.st.stm32cube.ide.mcu.externaltools.gnu-tools-for-stm32.12.3.rel1.macos64_1.1.0.202410301201/tools/bin/../lib/gcc/arm-none-eabi/12.3.1/../../../../arm-none-eabi/lib/thumb/v7-m/nofp/libc_nano.a(libc_a-memset.o)
                0x0800927a                memset
 *fill*         0x0800928a        0x2 
 .text.__errno  0x0800928c        0xc /Applications/STM32CubeIDE.app/Contents/Eclipse/plugins/com.st.stm32cube.ide.mcu.externaltools.gnu-tools-for-stm32.12.3.rel1.macos64_1.1.0.202410301201/tools/bin/../lib/gcc/arm-none-eabi/12.3.1/../../../../arm-none-eabi/lib/thumb/v7-m/nofp/libc_nano.a(libc_a-errno.o)
                0x0800928c                __errno
 .text.__libc_init_array
                0x08009298       0x48 /Applications/STM32CubeIDE.app/Contents/Eclipse/plugins/com.st.stm32cube.ide.mcu.externaltools.gnu-tools-for-stm32.12.3.rel1.macos64_1.1.0.202410301201/tools/bin/../lib/gcc/arm-none-eabi/12.3.1/../../../../arm-none-eabi/lib/thumb/v7-m/nofp/libc_nano.a(libc_a-init.o)
                0x08009298                __libc_init_array
 .text.__retarget_lock_acquire_recursive
                0x080092e0        0x2 /Applications/STM32CubeIDE.app/Contents/Eclipse/plugins/com.st.stm32cube.ide.mcu.externaltools.gnu-tools-for-stm32.12.3.rel1.macos64_1.1.0.202410301201/tools/bin/../lib/gcc/arm-none-eabi/12.3.1/../../../../arm-none-eabi/lib/thumb/v7-m/nofp/libc_nano.a(libc_a-lock.o)
                0x080092e0                __retarget_lock_acquire_recursive
 .text.__retarget_lock_release_recursive
                0x080092e2        0x2 /Applications/STM32CubeIDE.app/Contents/Eclipse/plugins/com.st.stm32cube.ide.mcu.externaltools.gnu-tools-for-stm32.12.3.rel1.macos64_1.1.0.202410301201/tools/bin/../lib/gcc/arm-none-eabi/12.3.1/../../../../arm-none-eabi/lib/thumb/v7-m/nofp/libc_nano.a(libc_a-lock.o)
                0x080092e2                __retarget_lock_release_recursive
 .text.memcpy   0x080092e4       0x1c /Applications/STM32CubeIDE.app/Contents/Eclipse/plugins/com.st.stm32cube.ide.mcu.externaltools.gnu-tools-for-stm32.12.3.rel1.macos64_1.1.0.202410301201/tools/bin/../lib/gcc/arm-none-eabi/12.3.1/../../../../arm-none-eabi/lib/thumb/v7-m/nofp/libc_nano.a(libc_a-memcpy-stub.o)
                0x080092e4                memcpy
 .text.strcpy   0x08009300       0x10 /Applications/STM32CubeIDE.app/Contents/Eclipse/plugins/com.st.stm32cube.ide.mcu.externaltools.gnu-tools-for-stm32.12.3.rel1.macos64_1.1.0.202410301201/tools/bin/../lib/gcc/arm-none-eabi/12.3.1/../../../../arm-none-eabi/lib/thumb/v7-m/nofp/libc_nano.a(libc_a-strcpy.o)
                0x08009300                strcpy
 .text.__ssputs_r
                0x08009310       0xb6 /Applications/STM32CubeIDE.app/Contents/Eclipse/plugins/com.st.stm32cube.ide.mcu.externaltools.gnu-tools-for-stm32.12.3.rel1.macos64_1.1.0.202410301201/tools/bin/../lib/gcc/arm-none-eabi/12.3.1/../../../../arm-none-eabi/lib/thumb/v7-m/nofp/libc_nano.a(libc_a-nano-svfprintf.o)
                0x08009310                __ssputs_r
 *fill*         0x080093c6        0x2 
 .text._svfprintf_r
                0x080093c8      0x1f8 /Applications/STM32CubeIDE.app/Contents/Eclipse/plugins/com.st.stm32cube.ide.mcu.externaltools.gnu-tools-for-stm32.12.3.rel1.macos64_1.1.0.202410301201/tools/bin/../lib/gcc/arm-none-eabi/12.3.1/../../../../arm-none-eabi/lib/thumb/v7-m/nofp/libc_nano.a(libc_a-nano-svfprintf.o)
                0x080093c8                _svfprintf_r
                0x080093c8                _svfiprintf_r
 .text.sbrk_aligned
                0x080095c0       0x44 /Applications/STM32CubeIDE.app/Contents/Eclipse/plugins/com.st.stm32cube.ide.mcu.externaltools.gnu-tools-for-stm32.12.3.rel1.macos64_1.1.0.202410301201/tools/bin/../lib/gcc/arm-none-eabi/12.3.1/../../../../arm-none-eabi/lib/thumb/v7-m/nofp/libc_nano.a(libc_a-mallocr.o)
 .text._malloc_r
                0x08009604      0x100 /Applications/STM32CubeIDE.app/Contents/Eclipse/plugins/com.st.stm32cube.ide.mcu.externaltools.gnu-tools-for-stm32.12.3.rel1.macos64_1.1.0.202410301201/tools/bin/../lib/gcc/arm-none-eabi/12.3.1/../../../../arm-none-eabi/lib/thumb/v7-m/nofp/libc_nano.a(libc_a-mallocr.o)
                0x08009604                _malloc_r
 .text._printf_common
                0x08009704       0xe4 /Applications/STM32CubeIDE.app/Contents/Eclipse/plugins/com.st.stm32cube.ide.mcu.externaltools.gnu-tools-for-stm32.12.3.rel1.macos64_1.1.0.202410301201/tools/bin/../lib/gcc/arm-none-eabi/12.3.1/../../../../arm-none-eabi/lib/thumb/v7-m/nofp/libc_nano.a(libc_a-nano-vfprintf_i.o)
                0x08009704                _printf_common
 .text._printf_i
                0x080097e8      0x240 /Applications/STM32CubeIDE.app/Contents/Eclipse/plugins/com.st.stm32cube.ide.mcu.externaltools.gnu-tools-for-stm32.12.3.rel1.macos64_1.1.0.202410301201/tools/bin/../lib/gcc/arm-none-eabi/12.3.1/../../../../arm-none-eabi/lib/thumb/v7-m/nofp/libc_nano.a(libc_a-nano-vfprintf_i.o)
                0x080097e8                _printf_i
 .text.__malloc_lock
                0x08009a28        0xc /Applications/STM32CubeIDE.app/Contents/Eclipse/plugins/com.st.stm32cube.ide.mcu.externaltools.gnu-tools-for-stm32.12.3.rel1.macos64_1.1.0.202410301201/tools/bin/../lib/gcc/arm-none-eabi/12.3.1/../../../../arm-none-eabi/lib/thumb/v7-m/nofp/libc_nano.a(libc_a-mlock.o)
                0x08009a28                __malloc_lock
 .text.__malloc_unlock
                0x08009a34        0xc /Applications/STM32CubeIDE.app/Contents/Eclipse/plugins/com.st.stm32cube.ide.mcu.externaltools.gnu-tools-for-stm32.12.3.rel1.macos64_1.1.0.202410301201/tools/bin/../lib/gcc/arm-none-eabi/12.3.1/../../../../arm-none-eabi/lib/thumb/v7-m/nofp/libc_nano.a(libc_a-mlock.o)
                0x08009a34                __malloc_unlock
 .text._realloc_r
                0x08009a40       0x5c /Applications/STM32CubeIDE.app/Contents/Eclipse/plugins/com.st.stm32cube.ide.mcu.externaltools.gnu-tools-for-stm32.12.3.rel1.macos64_1.1.0.202410301201/tools/bin/../lib/gcc/arm-none-eabi/12.3.1/../../../../arm-none-eabi/lib/thumb/v7-m/nofp/libc_nano.a(libc_a-reallocr.o)
                0x08009a40                _realloc_r
 .text.memmove  0x08009a9c       0x34 /Applications/STM32CubeIDE.app/Contents/Eclipse/plugins/com.st.stm32cube.ide.mcu.externaltools.gnu-tools-for-stm32.12.3.rel1.macos64_1.1.0.202410301201/tools/bin/../lib/gcc/arm-none-eabi/12.3.1/../../../../arm-none-eabi/lib/thumb/v7-m/nofp/libc_nano.a(libc_a-memmove.o)
                0x08009a9c                memmove
 .text._sbrk_r  0x08009ad0       0x20 /Applications/STM32CubeIDE.app/Contents/Eclipse/plugins/com.st.stm32cube.ide.mcu.externaltools.gnu-tools-for-stm32.12.3.rel1.macos64_1.1.0.202410301201/tools/bin/../lib/gcc/arm-none-eabi/12.3.1/../../../../arm-none-eabi/lib/thumb/v7-m/nofp/libc_nano.a(libc_a-sbrkr.o)
                0x08009ad0                _sbrk_r
 .text.memchr   0x08009af0       0x1c /Applications/STM32CubeIDE.app/Contents/Eclipse/plugins/com.st.stm32cube.ide.mcu.externaltools.gnu-tools-for-stm32.12.3.rel1.macos64_1.1.0.202410301201/tools/bin/../lib/gcc/arm-none-eabi/12.3.1/../../../../arm-none-eabi/lib/thumb/v7-m/nofp/libc_nano.a(libc_a-memchr-stub.o)
                0x08009af0                memchr
 .text._free_r  0x08009b0c       0x90 /Applications/STM32CubeIDE.app/Contents/Eclipse/plugins/com.st.stm32cube.ide.mcu.externaltools.gnu-tools-for-stm32.12.3.rel1.macos64_1.1.0.202410301201/tools/bin/../lib/gcc/arm-none-eabi/12.3.1/../../../../arm-none-eabi/lib/thumb/v7-m/nofp/libc_nano.a(libc_a-freer.o)
                0x08009b0c                _free_r
 .text._malloc_usable_size_r
                0x08009b9c       0x10 /Applications/STM32CubeIDE.app/Contents/Eclipse/plugins/com.st.stm32cube.ide.mcu.externaltools.gnu-tools-for-stm32.12.3.rel1.macos64_1.1.0.202410301201/tools/bin/../lib/gcc/arm-none-eabi/12.3.1/../../../../arm-none-eabi/lib/thumb/v7-m/nofp/libc_nano.a(libc_a-msizer.o)
                0x08009b9c                _malloc_usable_size_r
 .text.pow      0x08009bac       0xd0 /Applications/STM32CubeIDE.app/Contents/Eclipse/plugins/com.st.stm32cube.ide.mcu.externaltools.gnu-tools-for-stm32.12.3.rel1.macos64_1.1.0.202410301201/tools/bin/../lib/gcc/arm-none-eabi/12.3.1/../../../../arm-none-eabi/lib/thumb/v7-m/nofp/libm.a(libm_a-w_pow.o)
                0x08009bac                pow
 .text.finite   0x08009c7c        0xc /Applications/STM32CubeIDE.app/Contents/Eclipse/plugins/com.st.stm32cube.ide.mcu.externaltools.gnu-tools-for-stm32.12.3.rel1.macos64_1.1.0.202410301201/tools/bin/../lib/gcc/arm-none-eabi/12.3.1/../../../../arm-none-eabi/lib/thumb/v7-m/nofp/libm.a(libm_a-s_finite.o)
                0x08009c7c                finite
 .text.__ieee754_pow
                0x08009c88      0xa50 /Applications/STM32CubeIDE.app/Contents/Eclipse/plugins/com.st.stm32cube.ide.mcu.externaltools.gnu-tools-for-stm32.12.3.rel1.macos64_1.1.0.202410301201/tools/bin/../lib/gcc/arm-none-eabi/12.3.1/../../../../arm-none-eabi/lib/thumb/v7-m/nofp/libm.a(libm_a-e_pow.o)
                0x08009c88                __ieee754_pow
 .text.with_errno
                0x0800a6d8       0x14 /Applications/STM32CubeIDE.app/Contents/Eclipse/plugins/com.st.stm32cube.ide.mcu.externaltools.gnu-tools-for-stm32.12.3.rel1.macos64_1.1.0.202410301201/tools/bin/../lib/gcc/arm-none-eabi/12.3.1/../../../../arm-none-eabi/lib/thumb/v7-m/nofp/libm.a(libm_a-math_err.o)
 .text.xflow    0x0800a6ec       0x26 /Applications/STM32CubeIDE.app/Contents/Eclipse/plugins/com.st.stm32cube.ide.mcu.externaltools.gnu-tools-for-stm32.12.3.rel1.macos64_1.1.0.202410301201/tools/bin/../lib/gcc/arm-none-eabi/12.3.1/../../../../arm-none-eabi/lib/thumb/v7-m/nofp/libm.a(libm_a-math_err.o)
 .text.__math_uflow
                0x0800a712        0xa /Applications/STM32CubeIDE.app/Contents/Eclipse/plugins/com.st.stm32cube.ide.mcu.externaltools.gnu-tools-for-stm32.12.3.rel1.macos64_1.1.0.202410301201/tools/bin/../lib/gcc/arm-none-eabi/12.3.1/../../../../arm-none-eabi/lib/thumb/v7-m/nofp/libm.a(libm_a-math_err.o)
                0x0800a712                __math_uflow
 .text.__math_oflow
                0x0800a71c        0xa /Applications/STM32CubeIDE.app/Contents/Eclipse/plugins/com.st.stm32cube.ide.mcu.externaltools.gnu-tools-for-stm32.12.3.rel1.macos64_1.1.0.202410301201/tools/bin/../lib/gcc/arm-none-eabi/12.3.1/../../../../arm-none-eabi/lib/thumb/v7-m/nofp/libm.a(libm_a-math_err.o)
                0x0800a71c                __math_oflow
 .text.fabs     0x0800a726        0x8 /Applications/STM32CubeIDE.app/Contents/Eclipse/plugins/com.st.stm32cube.ide.mcu.externaltools.gnu-tools-for-stm32.12.3.rel1.macos64_1.1.0.202410301201/tools/bin/../lib/gcc/arm-none-eabi/12.3.1/../../../../arm-none-eabi/lib/thumb/v7-m/nofp/libm.a(libm_a-s_fabs.o)
                0x0800a726                fabs
 *fill*         0x0800a72e        0x2 
 .text.scalbn   0x0800a730       0xec /Applications/STM32CubeIDE.app/Contents/Eclipse/plugins/com.st.stm32cube.ide.mcu.externaltools.gnu-tools-for-stm32.12.3.rel1.macos64_1.1.0.202410301201/tools/bin/../lib/gcc/arm-none-eabi/12.3.1/../../../../arm-none-eabi/lib/thumb/v7-m/nofp/libm.a(libm_a-s_scalbn.o)
                0x0800a730                scalbn
 .text.__ieee754_sqrt
                0x0800a81c      0x1ac /Applications/STM32CubeIDE.app/Contents/Eclipse/plugins/com.st.stm32cube.ide.mcu.externaltools.gnu-tools-for-stm32.12.3.rel1.macos64_1.1.0.202410301201/tools/bin/../lib/gcc/arm-none-eabi/12.3.1/../../../../arm-none-eabi/lib/thumb/v7-m/nofp/libm.a(libm_a-e_sqrt.o)
                0x0800a81c                __ieee754_sqrt
 *(.glue_7)
 .glue_7        0x0800a9c8        0x0 linker stubs
 *(.glue_7t)
 .glue_7t       0x0800a9c8        0x0 linker stubs
 *(.eh_frame)
 .eh_frame      0x0800a9c8        0x0 /Applications/STM32CubeIDE.app/Contents/Eclipse/plugins/com.st.stm32cube.ide.mcu.externaltools.gnu-tools-for-stm32.12.3.rel1.macos64_1.1.0.202410301201/tools/bin/../lib/gcc/arm-none-eabi/12.3.1/thumb/v7-m/nofp/crtbegin.o
 *(.init)
 .init          0x0800a9c8        0x4 /Applications/STM32CubeIDE.app/Contents/Eclipse/plugins/com.st.stm32cube.ide.mcu.externaltools.gnu-tools-for-stm32.12.3.rel1.macos64_1.1.0.202410301201/tools/bin/../lib/gcc/arm-none-eabi/12.3.1/thumb/v7-m/nofp/crti.o
                0x0800a9c8                _init
 .init          0x0800a9cc        0x8 /Applications/STM32CubeIDE.app/Contents/Eclipse/plugins/com.st.stm32cube.ide.mcu.externaltools.gnu-tools-for-stm32.12.3.rel1.macos64_1.1.0.202410301201/tools/bin/../lib/gcc/arm-none-eabi/12.3.1/thumb/v7-m/nofp/crtn.o
 *(.fini)
 .fini          0x0800a9d4        0x4 /Applications/STM32CubeIDE.app/Contents/Eclipse/plugins/com.st.stm32cube.ide.mcu.externaltools.gnu-tools-for-stm32.12.3.rel1.macos64_1.1.0.202410301201/tools/bin/../lib/gcc/arm-none-eabi/12.3.1/thumb/v7-m/nofp/crti.o
                0x0800a9d4                _fini
 .fini          0x0800a9d8        0x8 /Applications/STM32CubeIDE.app/Contents/Eclipse/plugins/com.st.stm32cube.ide.mcu.externaltools.gnu-tools-for-stm32.12.3.rel1.macos64_1.1.0.202410301201/tools/bin/../lib/gcc/arm-none-eabi/12.3.1/thumb/v7-m/nofp/crtn.o
                0x0800a9e0                        . = ALIGN (0x4)
                0x0800a9e0                        _etext = .

.vfp11_veneer   0x0800a9e0        0x0
 .vfp11_veneer  0x0800a9e0        0x0 linker stubs

.v4_bx          0x0800a9e0        0x0
 .v4_bx         0x0800a9e0        0x0 linker stubs

.iplt           0x0800a9e0        0x0
 .iplt          0x0800a9e0        0x0 /Applications/STM32CubeIDE.app/Contents/Eclipse/plugins/com.st.stm32cube.ide.mcu.externaltools.gnu-tools-for-stm32.12.3.rel1.macos64_1.1.0.202410301201/tools/bin/../lib/gcc/arm-none-eabi/12.3.1/thumb/v7-m/nofp/crtbegin.o

.rodata         0x0800a9e0     0x1010
                0x0800a9e0                        . = ALIGN (0x4)
 *(.rodata)
 .rodata        0x0800a9e0       0x4c ./Core/Src/sam_m8q.o
 .rodata        0x0800aa2c       0xb2 ./Core/Src/shell.o
 *fill*         0x0800aade        0x2 
 .rodata        0x0800aae0        0x3 ./Core/Src/ush_autocomp.o
 *fill*         0x0800aae3        0x1 
 .rodata        0x0800aae4        0x3 ./Core/Src/ush_autocomp_state.o
 *fill*         0x0800aae7        0x1 
 .rodata        0x0800aae8        0x3 ./Core/Src/ush_autocomp_utils.o
 *fill*         0x0800aaeb        0x1 
 .rodata        0x0800aaec        0x2 ./Core/Src/ush_node.o
 *fill*         0x0800aaee        0x2 
 .rodata        0x0800aaf0       0x14 ./Core/Src/ush_prompt.o
 .rodata        0x0800ab04        0x3 ./Core/Src/ush_read_char.o
 *fill*         0x0800ab07        0x1 
 .rodata        0x0800ab08       0x13 ./Core/Src/ush_reset.o
 *fill*         0x0800ab1b        0x1 
 .rodata        0x0800ab1c      0x162 ./Core/Src/ush_utils.o
 *fill*         0x0800ac7e        0x2 
 .rodata        0x0800ac80       0xca ./Core/Src/commands/ush_cmd.o
 *fill*         0x0800ad4a        0x2 
 .rodata        0x0800ad4c       0x8e ./Core/Src/commands/ush_cmd_baro.o
 *fill*         0x0800adda        0x2 
 .rodata        0x0800addc        0x2 ./Core/Src/commands/ush_cmd_echo.o
 *fill*         0x0800adde        0x2 
 .rodata        0x0800ade0      0x40d ./Core/Src/commands/ush_cmd_gps.o
 *fill*         0x0800b1ed        0x3 
 .rodata        0x0800b1f0       0x1f ./Core/Src/commands/ush_cmd_help.o
 *fill*         0x0800b20f        0x1 
 .rodata        0x0800b210      0x3d5 ./Core/Src/commands/ush_cmd_rfm95.o
 *fill*         0x0800b5e5        0x3 
 .rodata        0x0800b5e8       0x87 ./Core/Src/commands/ush_cmd_servo.o
 *(.rodata*)
 *fill*         0x0800b66f        0x1 
 .rodata.ush_iface
                0x0800b670        0x8 ./Core/Src/shell.o
 .rodata.cmd_files
                0x0800b678       0x1c ./Core/Src/shell.o
 .rodata.ush_desc
                0x0800b694       0x20 ./Core/Src/shell.o
 .rodata.AHBPrescTable
                0x0800b6b4       0x10 ./Core/Src/system_stm32f1xx.o
                0x0800b6b4                AHBPrescTable
 .rodata.APBPrescTable
                0x0800b6c4        0x8 ./Core/Src/system_stm32f1xx.o
                0x0800b6c4                APBPrescTable
 .rodata.g_ush_buildin_commands
                0x0800b6cc       0x38 ./Core/Src/commands/ush_cmd.o
                0x0800b6cc                g_ush_buildin_commands
 .rodata.g_ush_buildin_commands_num
                0x0800b704        0x4 ./Core/Src/commands/ush_cmd.o
                0x0800b704                g_ush_buildin_commands_num
 .rodata.cmd_baro_files
                0x0800b708       0x38 ./Core/Src/commands/ush_cmd_baro.o
 .rodata.cmd_gps_files
                0x0800b740       0xa8 ./Core/Src/commands/ush_cmd_gps.o
 .rodata.cmd_rfm95_files
                0x0800b7e8       0x70 ./Core/Src/commands/ush_cmd_rfm95.o
 .rodata.cmd_servo_files
                0x0800b858       0x1c ./Core/Src/commands/ush_cmd_servo.o
 .rodata.aPLLMULFactorTable.1
                0x0800b874       0x10 ./Drivers/STM32F1xx_HAL_Driver/Src/stm32f1xx_hal_rcc.o
 .rodata.aPredivFactorTable.0
                0x0800b884        0x2 ./Drivers/STM32F1xx_HAL_Driver/Src/stm32f1xx_hal_rcc.o
 .rodata._ctype_
                0x0800b886      0x101 /Applications/STM32CubeIDE.app/Contents/Eclipse/plugins/com.st.stm32cube.ide.mcu.externaltools.gnu-tools-for-stm32.12.3.rel1.macos64_1.1.0.202410301201/tools/bin/../lib/gcc/arm-none-eabi/12.3.1/../../../../arm-none-eabi/lib/thumb/v7-m/nofp/libc_nano.a(libc_a-ctype_.o)
                0x0800b886                _ctype_
 .rodata._svfprintf_r.str1.1
                0x0800b987       0x11 /Applications/STM32CubeIDE.app/Contents/Eclipse/plugins/com.st.stm32cube.ide.mcu.externaltools.gnu-tools-for-stm32.12.3.rel1.macos64_1.1.0.202410301201/tools/bin/../lib/gcc/arm-none-eabi/12.3.1/../../../../arm-none-eabi/lib/thumb/v7-m/nofp/libc_nano.a(libc_a-nano-svfprintf.o)
 .rodata._printf_i.str1.1
                0x0800b998       0x22 /Applications/STM32CubeIDE.app/Contents/Eclipse/plugins/com.st.stm32cube.ide.mcu.externaltools.gnu-tools-for-stm32.12.3.rel1.macos64_1.1.0.202410301201/tools/bin/../lib/gcc/arm-none-eabi/12.3.1/../../../../arm-none-eabi/lib/thumb/v7-m/nofp/libc_nano.a(libc_a-nano-vfprintf_i.o)
 *fill*         0x0800b9ba        0x6 
 .rodata.dp_l   0x0800b9c0       0x10 /Applications/STM32CubeIDE.app/Contents/Eclipse/plugins/com.st.stm32cube.ide.mcu.externaltools.gnu-tools-for-stm32.12.3.rel1.macos64_1.1.0.202410301201/tools/bin/../lib/gcc/arm-none-eabi/12.3.1/../../../../arm-none-eabi/lib/thumb/v7-m/nofp/libm.a(libm_a-e_pow.o)
 .rodata.dp_h   0x0800b9d0       0x10 /Applications/STM32CubeIDE.app/Contents/Eclipse/plugins/com.st.stm32cube.ide.mcu.externaltools.gnu-tools-for-stm32.12.3.rel1.macos64_1.1.0.202410301201/tools/bin/../lib/gcc/arm-none-eabi/12.3.1/../../../../arm-none-eabi/lib/thumb/v7-m/nofp/libm.a(libm_a-e_pow.o)
 .rodata.bp     0x0800b9e0       0x10 /Applications/STM32CubeIDE.app/Contents/Eclipse/plugins/com.st.stm32cube.ide.mcu.externaltools.gnu-tools-for-stm32.12.3.rel1.macos64_1.1.0.202410301201/tools/bin/../lib/gcc/arm-none-eabi/12.3.1/../../../../arm-none-eabi/lib/thumb/v7-m/nofp/libm.a(libm_a-e_pow.o)
                0x0800b9f0                        . = ALIGN (0x4)

.ARM.extab      0x0800b9f0        0x0
                0x0800b9f0                        . = ALIGN (0x4)
 *(.ARM.extab* .gnu.linkonce.armextab.*)
                0x0800b9f0                        . = ALIGN (0x4)

.ARM            0x0800b9f0        0x8
                0x0800b9f0                        . = ALIGN (0x4)
                0x0800b9f0                        __exidx_start = .
 *(.ARM.exidx*)
 .ARM.exidx     0x0800b9f0        0x8 /Applications/STM32CubeIDE.app/Contents/Eclipse/plugins/com.st.stm32cube.ide.mcu.externaltools.gnu-tools-for-stm32.12.3.rel1.macos64_1.1.0.202410301201/tools/bin/../lib/gcc/arm-none-eabi/12.3.1/../../../../arm-none-eabi/lib/thumb/v7-m/nofp/libc_nano.a(libc_a-strlen.o)
 .ARM.exidx     0x0800b9f8        0x0 /Applications/STM32CubeIDE.app/Contents/Eclipse/plugins/com.st.stm32cube.ide.mcu.externaltools.gnu-tools-for-stm32.12.3.rel1.macos64_1.1.0.202410301201/tools/bin/../lib/gcc/arm-none-eabi/12.3.1/../../../../arm-none-eabi/lib/thumb/v7-m/nofp/libc_nano.a(libc_a-strcmp.o)
                                  0x8 (size before relaxing)
 .ARM.exidx     0x0800b9f8        0x0 /Applications/STM32CubeIDE.app/Contents/Eclipse/plugins/com.st.stm32cube.ide.mcu.externaltools.gnu-tools-for-stm32.12.3.rel1.macos64_1.1.0.202410301201/tools/bin/../lib/gcc/arm-none-eabi/12.3.1/thumb/v7-m/nofp/libgcc.a(_udivmoddi4.o)
                                  0x8 (size before relaxing)
                0x0800b9f8                        __exidx_end = .
                0x0800b9f8                        . = ALIGN (0x4)

.preinit_array  0x0800b9f8        0x0
                0x0800b9f8                        . = ALIGN (0x4)
                0x0800b9f8                        PROVIDE (__preinit_array_start = .)
 *(.preinit_array*)
                0x0800b9f8                        PROVIDE (__preinit_array_end = .)
                0x0800b9f8                        . = ALIGN (0x4)

.init_array     0x0800b9f8        0x4
                0x0800b9f8                        . = ALIGN (0x4)
                0x0800b9f8                        PROVIDE (__init_array_start = .)
 *(SORT_BY_NAME(.init_array.*))
 *(.init_array*)
 .init_array    0x0800b9f8        0x4 /Applications/STM32CubeIDE.app/Contents/Eclipse/plugins/com.st.stm32cube.ide.mcu.externaltools.gnu-tools-for-stm32.12.3.rel1.macos64_1.1.0.202410301201/tools/bin/../lib/gcc/arm-none-eabi/12.3.1/thumb/v7-m/nofp/crtbegin.o
                0x0800b9fc                        PROVIDE (__init_array_end = .)
                0x0800b9fc                        . = ALIGN (0x4)

.fini_array     0x0800b9fc        0x4
                0x0800b9fc                        . = ALIGN (0x4)
                [!provide]                        PROVIDE (__fini_array_start = .)
 *(SORT_BY_NAME(.fini_array.*))
 *(.fini_array*)
 .fini_array    0x0800b9fc        0x4 /Applications/STM32CubeIDE.app/Contents/Eclipse/plugins/com.st.stm32cube.ide.mcu.externaltools.gnu-tools-for-stm32.12.3.rel1.macos64_1.1.0.202410301201/tools/bin/../lib/gcc/arm-none-eabi/12.3.1/thumb/v7-m/nofp/crtbegin.o
                [!provide]                        PROVIDE (__fini_array_end = .)
                0x0800ba00                        . = ALIGN (0x4)
                0x0800ba00                        _sidata = LOADADDR (.data)

.rel.dyn        0x0800ba00        0x0
 .rel.iplt      0x0800ba00        0x0 /Applications/STM32CubeIDE.app/Contents/Eclipse/plugins/com.st.stm32cube.ide.mcu.externaltools.gnu-tools-for-stm32.12.3.rel1.macos64_1.1.0.202410301201/tools/bin/../lib/gcc/arm-none-eabi/12.3.1/thumb/v7-m/nofp/crtbegin.o

.data           0x20000000       0x80 load address 0x0800ba00
                0x20000000                        . = ALIGN (0x4)
                0x20000000                        _sdata = .
 *(.data)
 *(.data*)
 .data.LoRa_config
                0x20000000        0xc ./Core/Src/main.o
                0x20000000                LoRa_config
 .data.using_uart
                0x2000000c        0x1 ./Core/Src/sam_m8q.o
 *fill*         0x2000000d        0x3 
 .data.SystemCoreClock
                0x20000010        0x4 ./Core/Src/system_stm32f1xx.o
                0x20000010                SystemCoreClock
 .data.uwTickPrio
                0x20000014        0x4 ./Drivers/STM32F1xx_HAL_Driver/Src/stm32f1xx_hal.o
                0x20000014                uwTickPrio
 .data.uwTickFreq
                0x20000018        0x1 ./Drivers/STM32F1xx_HAL_Driver/Src/stm32f1xx_hal.o
                0x20000018                uwTickFreq
 *fill*         0x20000019        0x3 
 .data._impure_ptr
                0x2000001c        0x4 /Applications/STM32CubeIDE.app/Contents/Eclipse/plugins/com.st.stm32cube.ide.mcu.externaltools.gnu-tools-for-stm32.12.3.rel1.macos64_1.1.0.202410301201/tools/bin/../lib/gcc/arm-none-eabi/12.3.1/../../../../arm-none-eabi/lib/thumb/v7-m/nofp/libc_nano.a(libc_a-impure.o)
                0x2000001c                _impure_ptr
 .data._impure_data
                0x20000020       0x4c /Applications/STM32CubeIDE.app/Contents/Eclipse/plugins/com.st.stm32cube.ide.mcu.externaltools.gnu-tools-for-stm32.12.3.rel1.macos64_1.1.0.202410301201/tools/bin/../lib/gcc/arm-none-eabi/12.3.1/../../../../arm-none-eabi/lib/thumb/v7-m/nofp/libc_nano.a(libc_a-impure.o)
                0x20000020                _impure_data
 *fill*         0x2000006c        0x4 
 .data.tiny     0x20000070        0x8 /Applications/STM32CubeIDE.app/Contents/Eclipse/plugins/com.st.stm32cube.ide.mcu.externaltools.gnu-tools-for-stm32.12.3.rel1.macos64_1.1.0.202410301201/tools/bin/../lib/gcc/arm-none-eabi/12.3.1/../../../../arm-none-eabi/lib/thumb/v7-m/nofp/libm.a(libm_a-e_sqrt.o)
 .data.one      0x20000078        0x8 /Applications/STM32CubeIDE.app/Contents/Eclipse/plugins/com.st.stm32cube.ide.mcu.externaltools.gnu-tools-for-stm32.12.3.rel1.macos64_1.1.0.202410301201/tools/bin/../lib/gcc/arm-none-eabi/12.3.1/../../../../arm-none-eabi/lib/thumb/v7-m/nofp/libm.a(libm_a-e_sqrt.o)
 *(.RamFunc)
 *(.RamFunc*)
                0x20000080                        . = ALIGN (0x4)
                0x20000080                        _edata = .

.igot.plt       0x20000080        0x0 load address 0x0800ba80
 .igot.plt      0x20000080        0x0 /Applications/STM32CubeIDE.app/Contents/Eclipse/plugins/com.st.stm32cube.ide.mcu.externaltools.gnu-tools-for-stm32.12.3.rel1.macos64_1.1.0.202410301201/tools/bin/../lib/gcc/arm-none-eabi/12.3.1/thumb/v7-m/nofp/crtbegin.o
                0x20000080                        . = ALIGN (0x4)

.bss            0x20000080      0x628 load address 0x0800ba80
                0x20000080                        _sbss = .
                0x20000080                        __bss_start__ = _sbss
 *(.bss)
 .bss           0x20000080       0x1c /Applications/STM32CubeIDE.app/Contents/Eclipse/plugins/com.st.stm32cube.ide.mcu.externaltools.gnu-tools-for-stm32.12.3.rel1.macos64_1.1.0.202410301201/tools/bin/../lib/gcc/arm-none-eabi/12.3.1/thumb/v7-m/nofp/crtbegin.o
 *(.bss*)
 .bss.bmp280    0x2000009c       0x20 ./Core/Src/bmp280.o
 .bss.hi2c1     0x200000bc       0x54 ./Core/Src/main.o
                0x200000bc                hi2c1
 .bss.hspi1     0x20000110       0x58 ./Core/Src/main.o
                0x20000110                hspi1
 .bss.huart1    0x20000168       0x48 ./Core/Src/main.o
                0x20000168                huart1
 .bss.huart2    0x200001b0       0x48 ./Core/Src/main.o
                0x200001b0                huart2
 .bss.rfm95_spi
                0x200001f8        0x4 ./Core/Src/rfm95.o
 .bss.gps_uart  0x200001fc        0x4 ./Core/Src/sam_m8q.o
 .bss.gps_i2c   0x20000200        0x4 ./Core/Src/sam_m8q.o
 .bss.nmea_buffer
                0x20000204       0x80 ./Core/Src/sam_m8q.o
 .bss.nmea_index
                0x20000284        0x2 ./Core/Src/sam_m8q.o
 *fill*         0x20000286        0x2 
 .bss.current_data
                0x20000288       0x2c ./Core/Src/sam_m8q.o
 .bss.new_data_available
                0x200002b4        0x1 ./Core/Src/sam_m8q.o
 .bss.debug_enabled
                0x200002b5        0x1 ./Core/Src/sam_m8q.o
 *fill*         0x200002b6        0x2 
 .bss.htim2     0x200002b8       0x48 ./Core/Src/servo.o
                0x200002b8                htim2
 .bss.htim3     0x20000300       0x48 ./Core/Src/servo.o
                0x20000300                htim3
 .bss.ush_in_buf
                0x20000348       0x80 ./Core/Src/shell.o
 .bss.ush_out_buf
                0x200003c8       0x80 ./Core/Src/shell.o
 .bss.shell_handle
                0x20000448        0x4 ./Core/Src/shell.o
 .bss.ush       0x2000044c       0x88 ./Core/Src/shell.o
 .bss.uart_handle
                0x200004d4        0x4 ./Core/Src/shell.o
 .bss.cmd       0x200004d8       0x18 ./Core/Src/shell.o
 .bss.__sbrk_heap_end
                0x200004f0        0x4 ./Core/Src/sysmem.o
 .bss.cmd_node_baro
                0x200004f4       0x18 ./Core/Src/commands/ush_cmd_baro.o
 .bss.gps_initialized
                0x2000050c        0x1 ./Core/Src/commands/ush_cmd_gps.o
 .bss.continuous_mode
                0x2000050d        0x1 ./Core/Src/commands/ush_cmd_gps.o
 *fill*         0x2000050e        0x2 
 .bss.cmd_node_gps
                0x20000510       0x18 ./Core/Src/commands/ush_cmd_gps.o
 .bss.lora_rx_mode
                0x20000528        0x1 ./Core/Src/commands/ush_cmd_rfm95.o
                0x20000528                lora_rx_mode
 *fill*         0x20000529        0x3 
 .bss.cmd_node_rfm95
                0x2000052c       0x18 ./Core/Src/commands/ush_cmd_rfm95.o
 .bss.cmd_node_servo
                0x20000544       0x18 ./Core/Src/commands/ush_cmd_servo.o
 .bss.uwTick    0x2000055c        0x4 ./Drivers/STM32F1xx_HAL_Driver/Src/stm32f1xx_hal.o
                0x2000055c                uwTick
 .bss.__sf      0x20000560      0x138 /Applications/STM32CubeIDE.app/Contents/Eclipse/plugins/com.st.stm32cube.ide.mcu.externaltools.gnu-tools-for-stm32.12.3.rel1.macos64_1.1.0.202410301201/tools/bin/../lib/gcc/arm-none-eabi/12.3.1/../../../../arm-none-eabi/lib/thumb/v7-m/nofp/libc_nano.a(libc_a-findfp.o)
                0x20000560                __sf
 .bss.__lock___malloc_recursive_mutex
                0x20000698        0x1 /Applications/STM32CubeIDE.app/Contents/Eclipse/plugins/com.st.stm32cube.ide.mcu.externaltools.gnu-tools-for-stm32.12.3.rel1.macos64_1.1.0.202410301201/tools/bin/../lib/gcc/arm-none-eabi/12.3.1/../../../../arm-none-eabi/lib/thumb/v7-m/nofp/libc_nano.a(libc_a-lock.o)
                0x20000698                __lock___malloc_recursive_mutex
 *fill*         0x20000699        0x3 
 .bss.__malloc_sbrk_start
                0x2000069c        0x4 /Applications/STM32CubeIDE.app/Contents/Eclipse/plugins/com.st.stm32cube.ide.mcu.externaltools.gnu-tools-for-stm32.12.3.rel1.macos64_1.1.0.202410301201/tools/bin/../lib/gcc/arm-none-eabi/12.3.1/../../../../arm-none-eabi/lib/thumb/v7-m/nofp/libc_nano.a(libc_a-mallocr.o)
                0x2000069c                __malloc_sbrk_start
 .bss.__malloc_free_list
                0x200006a0        0x4 /Applications/STM32CubeIDE.app/Contents/Eclipse/plugins/com.st.stm32cube.ide.mcu.externaltools.gnu-tools-for-stm32.12.3.rel1.macos64_1.1.0.202410301201/tools/bin/../lib/gcc/arm-none-eabi/12.3.1/../../../../arm-none-eabi/lib/thumb/v7-m/nofp/libc_nano.a(libc_a-mallocr.o)
                0x200006a0                __malloc_free_list
 .bss.errno     0x200006a4        0x4 /Applications/STM32CubeIDE.app/Contents/Eclipse/plugins/com.st.stm32cube.ide.mcu.externaltools.gnu-tools-for-stm32.12.3.rel1.macos64_1.1.0.202410301201/tools/bin/../lib/gcc/arm-none-eabi/12.3.1/../../../../arm-none-eabi/lib/thumb/v7-m/nofp/libc_nano.a(libc_a-reent.o)
                0x200006a4                errno
 *(COMMON)
                0x200006a8                        . = ALIGN (0x4)
                0x200006a8                        _ebss = .
                0x200006a8                        __bss_end__ = _ebss

._user_heap_stack
                0x200006a8      0x600 load address 0x0800ba80
                0x200006a8                        . = ALIGN (0x8)
                [!provide]                        PROVIDE (end = .)
                0x200006a8                        PROVIDE (_end = .)
                0x200008a8                        . = (. + _Min_Heap_Size)
 *fill*         0x200006a8      0x200 
                0x20000ca8                        . = (. + _Min_Stack_Size)
 *fill*         0x200008a8      0x400 
                0x20000ca8                        . = ALIGN (0x8)

/DISCARD/
 libc.a(*)
 libm.a(*)
 libgcc.a(*)

.ARM.attributes
                0x00000000       0x29
 *(.ARM.attributes)
 .ARM.attributes
                0x00000000       0x1d /Applications/STM32CubeIDE.app/Contents/Eclipse/plugins/com.st.stm32cube.ide.mcu.externaltools.gnu-tools-for-stm32.12.3.rel1.macos64_1.1.0.202410301201/tools/bin/../lib/gcc/arm-none-eabi/12.3.1/thumb/v7-m/nofp/crti.o
 .ARM.attributes
                0x0000001d       0x2d /Applications/STM32CubeIDE.app/Contents/Eclipse/plugins/com.st.stm32cube.ide.mcu.externaltools.gnu-tools-for-stm32.12.3.rel1.macos64_1.1.0.202410301201/tools/bin/../lib/gcc/arm-none-eabi/12.3.1/thumb/v7-m/nofp/crtbegin.o
 .ARM.attributes
                0x0000004a       0x2d ./Core/Src/bmp280.o
 .ARM.attributes
                0x00000077       0x2d ./Core/Src/main.o
 .ARM.attributes
                0x000000a4       0x2d ./Core/Src/rfm95.o
 .ARM.attributes
                0x000000d1       0x2d ./Core/Src/sam_m8q.o
 .ARM.attributes
                0x000000fe       0x2d ./Core/Src/servo.o
 .ARM.attributes
                0x0000012b       0x2d ./Core/Src/shell.o
 .ARM.attributes
                0x00000158       0x2d ./Core/Src/stm32f1xx_hal_msp.o
 .ARM.attributes
                0x00000185       0x2d ./Core/Src/stm32f1xx_it.o
 .ARM.attributes
                0x000001b2       0x2d ./Core/Src/sysmem.o
 .ARM.attributes
                0x000001df       0x2d ./Core/Src/system_stm32f1xx.o
 .ARM.attributes
                0x0000020c       0x2d ./Core/Src/ush.o
 .ARM.attributes
                0x00000239       0x2d ./Core/Src/ush_autocomp.o
 .ARM.attributes
                0x00000266       0x2d ./Core/Src/ush_autocomp_state.o
 .ARM.attributes
                0x00000293       0x2d ./Core/Src/ush_autocomp_utils.o
 .ARM.attributes
                0x000002c0       0x2d ./Core/Src/ush_commands.o
 .ARM.attributes
                0x000002ed       0x2d ./Core/Src/ush_file.o
 .ARM.attributes
                0x0000031a       0x2d ./Core/Src/ush_node.o
 .ARM.attributes
                0x00000347       0x2d ./Core/Src/ush_node_utils.o
 .ARM.attributes
                0x00000374       0x2d ./Core/Src/ush_parse.o
 .ARM.attributes
                0x000003a1       0x2d ./Core/Src/ush_parse_char.o
 .ARM.attributes
                0x000003ce       0x2d ./Core/Src/ush_parse_utils.o
 .ARM.attributes
                0x000003fb       0x2d ./Core/Src/ush_process.o
 .ARM.attributes
                0x00000428       0x2d ./Core/Src/ush_prompt.o
 .ARM.attributes
                0x00000455       0x2d ./Core/Src/ush_read.o
 .ARM.attributes
                0x00000482       0x2d ./Core/Src/ush_read_char.o
 .ARM.attributes
                0x000004af       0x2d ./Core/Src/ush_read_utils.o
 .ARM.attributes
                0x000004dc       0x2d ./Core/Src/ush_reset.o
 .ARM.attributes
                0x00000509       0x2d ./Core/Src/ush_utils.o
 .ARM.attributes
                0x00000536       0x2d ./Core/Src/ush_write.o
 .ARM.attributes
                0x00000563       0x2d ./Core/Src/ush_write_utils.o
 .ARM.attributes
                0x00000590       0x2d ./Core/Src/commands/ush_cmd.o
 .ARM.attributes
                0x000005bd       0x2d ./Core/Src/commands/ush_cmd_baro.o
 .ARM.attributes
                0x000005ea       0x2d ./Core/Src/commands/ush_cmd_echo.o
 .ARM.attributes
                0x00000617       0x2d ./Core/Src/commands/ush_cmd_gps.o
 .ARM.attributes
                0x00000644       0x2d ./Core/Src/commands/ush_cmd_help.o
 .ARM.attributes
                0x00000671       0x2d ./Core/Src/commands/ush_cmd_rfm95.o
 .ARM.attributes
                0x0000069e       0x2d ./Core/Src/commands/ush_cmd_servo.o
 .ARM.attributes
                0x000006cb       0x21 ./Core/Startup/startup_stm32f103t8ux.o
 .ARM.attributes
                0x000006ec       0x2d ./Drivers/STM32F1xx_HAL_Driver/Src/stm32f1xx_hal.o
 .ARM.attributes
                0x00000719       0x2d ./Drivers/STM32F1xx_HAL_Driver/Src/stm32f1xx_hal_cortex.o
 .ARM.attributes
                0x00000746       0x2d ./Drivers/STM32F1xx_HAL_Driver/Src/stm32f1xx_hal_gpio.o
 .ARM.attributes
                0x00000773       0x2d ./Drivers/STM32F1xx_HAL_Driver/Src/stm32f1xx_hal_i2c.o
 .ARM.attributes
                0x000007a0       0x2d ./Drivers/STM32F1xx_HAL_Driver/Src/stm32f1xx_hal_rcc.o
 .ARM.attributes
                0x000007cd       0x2d ./Drivers/STM32F1xx_HAL_Driver/Src/stm32f1xx_hal_spi.o
 .ARM.attributes
                0x000007fa       0x2d ./Drivers/STM32F1xx_HAL_Driver/Src/stm32f1xx_hal_tim.o
 .ARM.attributes
                0x00000827       0x2d ./Drivers/STM32F1xx_HAL_Driver/Src/stm32f1xx_hal_tim_ex.o
 .ARM.attributes
                0x00000854       0x2d ./Drivers/STM32F1xx_HAL_Driver/Src/stm32f1xx_hal_uart.o
 .ARM.attributes
                0x00000881       0x2d /Applications/STM32CubeIDE.app/Contents/Eclipse/plugins/com.st.stm32cube.ide.mcu.externaltools.gnu-tools-for-stm32.12.3.rel1.macos64_1.1.0.202410301201/tools/bin/../lib/gcc/arm-none-eabi/12.3.1/../../../../arm-none-eabi/lib/thumb/v7-m/nofp/libc_nano.a(libc_a-atoi.o)
 .ARM.attributes
                0x000008ae       0x2d /Applications/STM32CubeIDE.app/Contents/Eclipse/plugins/com.st.stm32cube.ide.mcu.externaltools.gnu-tools-for-stm32.12.3.rel1.macos64_1.1.0.202410301201/tools/bin/../lib/gcc/arm-none-eabi/12.3.1/../../../../arm-none-eabi/lib/thumb/v7-m/nofp/libc_nano.a(libc_a-snprintf.o)
 .ARM.attributes
                0x000008db       0x2d /Applications/STM32CubeIDE.app/Contents/Eclipse/plugins/com.st.stm32cube.ide.mcu.externaltools.gnu-tools-for-stm32.12.3.rel1.macos64_1.1.0.202410301201/tools/bin/../lib/gcc/arm-none-eabi/12.3.1/../../../../arm-none-eabi/lib/thumb/v7-m/nofp/libc_nano.a(libc_a-sprintf.o)
 .ARM.attributes
                0x00000908       0x2d /Applications/STM32CubeIDE.app/Contents/Eclipse/plugins/com.st.stm32cube.ide.mcu.externaltools.gnu-tools-for-stm32.12.3.rel1.macos64_1.1.0.202410301201/tools/bin/../lib/gcc/arm-none-eabi/12.3.1/../../../../arm-none-eabi/lib/thumb/v7-m/nofp/libc_nano.a(libc_a-findfp.o)
 .ARM.attributes
                0x00000935       0x2d /Applications/STM32CubeIDE.app/Contents/Eclipse/plugins/com.st.stm32cube.ide.mcu.externaltools.gnu-tools-for-stm32.12.3.rel1.macos64_1.1.0.202410301201/tools/bin/../lib/gcc/arm-none-eabi/12.3.1/../../../../arm-none-eabi/lib/thumb/v7-m/nofp/libc_nano.a(libc_a-strtol.o)
 .ARM.attributes
                0x00000962       0x2d /Applications/STM32CubeIDE.app/Contents/Eclipse/plugins/com.st.stm32cube.ide.mcu.externaltools.gnu-tools-for-stm32.12.3.rel1.macos64_1.1.0.202410301201/tools/bin/../lib/gcc/arm-none-eabi/12.3.1/../../../../arm-none-eabi/lib/thumb/v7-m/nofp/libc_nano.a(libc_a-strcat.o)
 .ARM.attributes
                0x0000098f       0x2d /Applications/STM32CubeIDE.app/Contents/Eclipse/plugins/com.st.stm32cube.ide.mcu.externaltools.gnu-tools-for-stm32.12.3.rel1.macos64_1.1.0.202410301201/tools/bin/../lib/gcc/arm-none-eabi/12.3.1/../../../../arm-none-eabi/lib/thumb/v7-m/nofp/libc_nano.a(libc_a-strncmp.o)
 .ARM.attributes
                0x000009bc       0x2d /Applications/STM32CubeIDE.app/Contents/Eclipse/plugins/com.st.stm32cube.ide.mcu.externaltools.gnu-tools-for-stm32.12.3.rel1.macos64_1.1.0.202410301201/tools/bin/../lib/gcc/arm-none-eabi/12.3.1/../../../../arm-none-eabi/lib/thumb/v7-m/nofp/libc_nano.a(libc_a-memcmp.o)
 .ARM.attributes
                0x000009e9       0x2d /Applications/STM32CubeIDE.app/Contents/Eclipse/plugins/com.st.stm32cube.ide.mcu.externaltools.gnu-tools-for-stm32.12.3.rel1.macos64_1.1.0.202410301201/tools/bin/../lib/gcc/arm-none-eabi/12.3.1/../../../../arm-none-eabi/lib/thumb/v7-m/nofp/libc_nano.a(libc_a-memset.o)
 .ARM.attributes
                0x00000a16       0x2d /Applications/STM32CubeIDE.app/Contents/Eclipse/plugins/com.st.stm32cube.ide.mcu.externaltools.gnu-tools-for-stm32.12.3.rel1.macos64_1.1.0.202410301201/tools/bin/../lib/gcc/arm-none-eabi/12.3.1/../../../../arm-none-eabi/lib/thumb/v7-m/nofp/libc_nano.a(libc_a-impure.o)
 .ARM.attributes
                0x00000a43       0x2d /Applications/STM32CubeIDE.app/Contents/Eclipse/plugins/com.st.stm32cube.ide.mcu.externaltools.gnu-tools-for-stm32.12.3.rel1.macos64_1.1.0.202410301201/tools/bin/../lib/gcc/arm-none-eabi/12.3.1/../../../../arm-none-eabi/lib/thumb/v7-m/nofp/libc_nano.a(libc_a-errno.o)
 .ARM.attributes
                0x00000a70       0x2d /Applications/STM32CubeIDE.app/Contents/Eclipse/plugins/com.st.stm32cube.ide.mcu.externaltools.gnu-tools-for-stm32.12.3.rel1.macos64_1.1.0.202410301201/tools/bin/../lib/gcc/arm-none-eabi/12.3.1/../../../../arm-none-eabi/lib/thumb/v7-m/nofp/libc_nano.a(libc_a-init.o)
 .ARM.attributes
                0x00000a9d       0x2d /Applications/STM32CubeIDE.app/Contents/Eclipse/plugins/com.st.stm32cube.ide.mcu.externaltools.gnu-tools-for-stm32.12.3.rel1.macos64_1.1.0.202410301201/tools/bin/../lib/gcc/arm-none-eabi/12.3.1/../../../../arm-none-eabi/lib/thumb/v7-m/nofp/libc_nano.a(libc_a-lock.o)
 .ARM.attributes
                0x00000aca       0x2d /Applications/STM32CubeIDE.app/Contents/Eclipse/plugins/com.st.stm32cube.ide.mcu.externaltools.gnu-tools-for-stm32.12.3.rel1.macos64_1.1.0.202410301201/tools/bin/../lib/gcc/arm-none-eabi/12.3.1/../../../../arm-none-eabi/lib/thumb/v7-m/nofp/libc_nano.a(libc_a-memcpy-stub.o)
 .ARM.attributes
                0x00000af7       0x17 /Applications/STM32CubeIDE.app/Contents/Eclipse/plugins/com.st.stm32cube.ide.mcu.externaltools.gnu-tools-for-stm32.12.3.rel1.macos64_1.1.0.202410301201/tools/bin/../lib/gcc/arm-none-eabi/12.3.1/../../../../arm-none-eabi/lib/thumb/v7-m/nofp/libc_nano.a(libc_a-strlen.o)
 .ARM.attributes
                0x00000b0e       0x1b /Applications/STM32CubeIDE.app/Contents/Eclipse/plugins/com.st.stm32cube.ide.mcu.externaltools.gnu-tools-for-stm32.12.3.rel1.macos64_1.1.0.202410301201/tools/bin/../lib/gcc/arm-none-eabi/12.3.1/../../../../arm-none-eabi/lib/thumb/v7-m/nofp/libc_nano.a(libc_a-strcmp.o)
 .ARM.attributes
                0x00000b29       0x2d /Applications/STM32CubeIDE.app/Contents/Eclipse/plugins/com.st.stm32cube.ide.mcu.externaltools.gnu-tools-for-stm32.12.3.rel1.macos64_1.1.0.202410301201/tools/bin/../lib/gcc/arm-none-eabi/12.3.1/../../../../arm-none-eabi/lib/thumb/v7-m/nofp/libc_nano.a(libc_a-strcpy.o)
 .ARM.attributes
                0x00000b56       0x2d /Applications/STM32CubeIDE.app/Contents/Eclipse/plugins/com.st.stm32cube.ide.mcu.externaltools.gnu-tools-for-stm32.12.3.rel1.macos64_1.1.0.202410301201/tools/bin/../lib/gcc/arm-none-eabi/12.3.1/../../../../arm-none-eabi/lib/thumb/v7-m/nofp/libc_nano.a(libc_a-ctype_.o)
 .ARM.attributes
                0x00000b83       0x2d /Applications/STM32CubeIDE.app/Contents/Eclipse/plugins/com.st.stm32cube.ide.mcu.externaltools.gnu-tools-for-stm32.12.3.rel1.macos64_1.1.0.202410301201/tools/bin/../lib/gcc/arm-none-eabi/12.3.1/../../../../arm-none-eabi/lib/thumb/v7-m/nofp/libc_nano.a(libc_a-nano-svfprintf.o)
 .ARM.attributes
                0x00000bb0       0x2d /Applications/STM32CubeIDE.app/Contents/Eclipse/plugins/com.st.stm32cube.ide.mcu.externaltools.gnu-tools-for-stm32.12.3.rel1.macos64_1.1.0.202410301201/tools/bin/../lib/gcc/arm-none-eabi/12.3.1/../../../../arm-none-eabi/lib/thumb/v7-m/nofp/libc_nano.a(libc_a-mallocr.o)
 .ARM.attributes
                0x00000bdd       0x2d /Applications/STM32CubeIDE.app/Contents/Eclipse/plugins/com.st.stm32cube.ide.mcu.externaltools.gnu-tools-for-stm32.12.3.rel1.macos64_1.1.0.202410301201/tools/bin/../lib/gcc/arm-none-eabi/12.3.1/../../../../arm-none-eabi/lib/thumb/v7-m/nofp/libc_nano.a(libc_a-nano-vfprintf_i.o)
 .ARM.attributes
                0x00000c0a       0x2d /Applications/STM32CubeIDE.app/Contents/Eclipse/plugins/com.st.stm32cube.ide.mcu.externaltools.gnu-tools-for-stm32.12.3.rel1.macos64_1.1.0.202410301201/tools/bin/../lib/gcc/arm-none-eabi/12.3.1/../../../../arm-none-eabi/lib/thumb/v7-m/nofp/libc_nano.a(libc_a-mlock.o)
 .ARM.attributes
                0x00000c37       0x2d /Applications/STM32CubeIDE.app/Contents/Eclipse/plugins/com.st.stm32cube.ide.mcu.externaltools.gnu-tools-for-stm32.12.3.rel1.macos64_1.1.0.202410301201/tools/bin/../lib/gcc/arm-none-eabi/12.3.1/../../../../arm-none-eabi/lib/thumb/v7-m/nofp/libc_nano.a(libc_a-reallocr.o)
 .ARM.attributes
                0x00000c64       0x2d /Applications/STM32CubeIDE.app/Contents/Eclipse/plugins/com.st.stm32cube.ide.mcu.externaltools.gnu-tools-for-stm32.12.3.rel1.macos64_1.1.0.202410301201/tools/bin/../lib/gcc/arm-none-eabi/12.3.1/../../../../arm-none-eabi/lib/thumb/v7-m/nofp/libc_nano.a(libc_a-memmove.o)
 .ARM.attributes
                0x00000c91       0x2d /Applications/STM32CubeIDE.app/Contents/Eclipse/plugins/com.st.stm32cube.ide.mcu.externaltools.gnu-tools-for-stm32.12.3.rel1.macos64_1.1.0.202410301201/tools/bin/../lib/gcc/arm-none-eabi/12.3.1/../../../../arm-none-eabi/lib/thumb/v7-m/nofp/libc_nano.a(libc_a-reent.o)
 .ARM.attributes
                0x00000cbe       0x2d /Applications/STM32CubeIDE.app/Contents/Eclipse/plugins/com.st.stm32cube.ide.mcu.externaltools.gnu-tools-for-stm32.12.3.rel1.macos64_1.1.0.202410301201/tools/bin/../lib/gcc/arm-none-eabi/12.3.1/../../../../arm-none-eabi/lib/thumb/v7-m/nofp/libc_nano.a(libc_a-sbrkr.o)
 .ARM.attributes
                0x00000ceb       0x2d /Applications/STM32CubeIDE.app/Contents/Eclipse/plugins/com.st.stm32cube.ide.mcu.externaltools.gnu-tools-for-stm32.12.3.rel1.macos64_1.1.0.202410301201/tools/bin/../lib/gcc/arm-none-eabi/12.3.1/../../../../arm-none-eabi/lib/thumb/v7-m/nofp/libc_nano.a(libc_a-memchr-stub.o)
 .ARM.attributes
                0x00000d18       0x2d /Applications/STM32CubeIDE.app/Contents/Eclipse/plugins/com.st.stm32cube.ide.mcu.externaltools.gnu-tools-for-stm32.12.3.rel1.macos64_1.1.0.202410301201/tools/bin/../lib/gcc/arm-none-eabi/12.3.1/../../../../arm-none-eabi/lib/thumb/v7-m/nofp/libc_nano.a(libc_a-freer.o)
 .ARM.attributes
                0x00000d45       0x2d /Applications/STM32CubeIDE.app/Contents/Eclipse/plugins/com.st.stm32cube.ide.mcu.externaltools.gnu-tools-for-stm32.12.3.rel1.macos64_1.1.0.202410301201/tools/bin/../lib/gcc/arm-none-eabi/12.3.1/../../../../arm-none-eabi/lib/thumb/v7-m/nofp/libc_nano.a(libc_a-msizer.o)
 .ARM.attributes